Archive member included to satisfy reference by file (symbol)

C:/ST/STM32CubeIDE_1.16.1/STM32CubeIDE/plugins/com.st.stm32cube.ide.mcu.externaltools.gnu-tools-for-stm32.12.3.rel1.win32_1.0.200.202406191623/tools/bin/../lib/gcc/arm-none-eabi/12.3.1/../../../../arm-none-eabi/lib/thumb/v7e-m+fp/hard\libc_nano.a(libc_a-exit.o)
                              C:/ST/STM32CubeIDE_1.16.1/STM32CubeIDE/plugins/com.st.stm32cube.ide.mcu.externaltools.gnu-tools-for-stm32.12.3.rel1.win32_1.0.200.202406191623/tools/bin/../lib/gcc/arm-none-eabi/12.3.1/../../../../arm-none-eabi/lib/thumb/v7e-m+fp/hard/crt0.o (exit)
C:/ST/STM32CubeIDE_1.16.1/STM32CubeIDE/plugins/com.st.stm32cube.ide.mcu.externaltools.gnu-tools-for-stm32.12.3.rel1.win32_1.0.200.202406191623/tools/bin/../lib/gcc/arm-none-eabi/12.3.1/../../../../arm-none-eabi/lib/thumb/v7e-m+fp/hard\libc_nano.a(libc_a-findfp.o)
                              C:/ST/STM32CubeIDE_1.16.1/STM32CubeIDE/plugins/com.st.stm32cube.ide.mcu.externaltools.gnu-tools-for-stm32.12.3.rel1.win32_1.0.200.202406191623/tools/bin/../lib/gcc/arm-none-eabi/12.3.1/../../../../arm-none-eabi/lib/thumb/v7e-m+fp/hard\libc_nano.a(libc_a-exit.o) (__stdio_exit_handler)
C:/ST/STM32CubeIDE_1.16.1/STM32CubeIDE/plugins/com.st.stm32cube.ide.mcu.externaltools.gnu-tools-for-stm32.12.3.rel1.win32_1.0.200.202406191623/tools/bin/../lib/gcc/arm-none-eabi/12.3.1/../../../../arm-none-eabi/lib/thumb/v7e-m+fp/hard\libc_nano.a(libc_a-fwalk.o)
                              C:/ST/STM32CubeIDE_1.16.1/STM32CubeIDE/plugins/com.st.stm32cube.ide.mcu.externaltools.gnu-tools-for-stm32.12.3.rel1.win32_1.0.200.202406191623/tools/bin/../lib/gcc/arm-none-eabi/12.3.1/../../../../arm-none-eabi/lib/thumb/v7e-m+fp/hard\libc_nano.a(libc_a-findfp.o) (_fwalk_sglue)
C:/ST/STM32CubeIDE_1.16.1/STM32CubeIDE/plugins/com.st.stm32cube.ide.mcu.externaltools.gnu-tools-for-stm32.12.3.rel1.win32_1.0.200.202406191623/tools/bin/../lib/gcc/arm-none-eabi/12.3.1/../../../../arm-none-eabi/lib/thumb/v7e-m+fp/hard\libc_nano.a(libc_a-printf.o)
                              ./Core/Src/Tetris.o (printf)
C:/ST/STM32CubeIDE_1.16.1/STM32CubeIDE/plugins/com.st.stm32cube.ide.mcu.externaltools.gnu-tools-for-stm32.12.3.rel1.win32_1.0.200.202406191623/tools/bin/../lib/gcc/arm-none-eabi/12.3.1/../../../../arm-none-eabi/lib/thumb/v7e-m+fp/hard\libc_nano.a(libc_a-stdio.o)
                              C:/ST/STM32CubeIDE_1.16.1/STM32CubeIDE/plugins/com.st.stm32cube.ide.mcu.externaltools.gnu-tools-for-stm32.12.3.rel1.win32_1.0.200.202406191623/tools/bin/../lib/gcc/arm-none-eabi/12.3.1/../../../../arm-none-eabi/lib/thumb/v7e-m+fp/hard\libc_nano.a(libc_a-findfp.o) (__sread)
C:/ST/STM32CubeIDE_1.16.1/STM32CubeIDE/plugins/com.st.stm32cube.ide.mcu.externaltools.gnu-tools-for-stm32.12.3.rel1.win32_1.0.200.202406191623/tools/bin/../lib/gcc/arm-none-eabi/12.3.1/../../../../arm-none-eabi/lib/thumb/v7e-m+fp/hard\libc_nano.a(libc_a-memset.o)
                              C:/ST/STM32CubeIDE_1.16.1/STM32CubeIDE/plugins/com.st.stm32cube.ide.mcu.externaltools.gnu-tools-for-stm32.12.3.rel1.win32_1.0.200.202406191623/tools/bin/../lib/gcc/arm-none-eabi/12.3.1/../../../../arm-none-eabi/lib/thumb/v7e-m+fp/hard/crt0.o (memset)
C:/ST/STM32CubeIDE_1.16.1/STM32CubeIDE/plugins/com.st.stm32cube.ide.mcu.externaltools.gnu-tools-for-stm32.12.3.rel1.win32_1.0.200.202406191623/tools/bin/../lib/gcc/arm-none-eabi/12.3.1/../../../../arm-none-eabi/lib/thumb/v7e-m+fp/hard\libc_nano.a(libc_a-closer.o)
                              C:/ST/STM32CubeIDE_1.16.1/STM32CubeIDE/plugins/com.st.stm32cube.ide.mcu.externaltools.gnu-tools-for-stm32.12.3.rel1.win32_1.0.200.202406191623/tools/bin/../lib/gcc/arm-none-eabi/12.3.1/../../../../arm-none-eabi/lib/thumb/v7e-m+fp/hard\libc_nano.a(libc_a-stdio.o) (_close_r)
C:/ST/STM32CubeIDE_1.16.1/STM32CubeIDE/plugins/com.st.stm32cube.ide.mcu.externaltools.gnu-tools-for-stm32.12.3.rel1.win32_1.0.200.202406191623/tools/bin/../lib/gcc/arm-none-eabi/12.3.1/../../../../arm-none-eabi/lib/thumb/v7e-m+fp/hard\libc_nano.a(libc_a-reent.o)
                              C:/ST/STM32CubeIDE_1.16.1/STM32CubeIDE/plugins/com.st.stm32cube.ide.mcu.externaltools.gnu-tools-for-stm32.12.3.rel1.win32_1.0.200.202406191623/tools/bin/../lib/gcc/arm-none-eabi/12.3.1/../../../../arm-none-eabi/lib/thumb/v7e-m+fp/hard\libc_nano.a(libc_a-closer.o) (errno)
C:/ST/STM32CubeIDE_1.16.1/STM32CubeIDE/plugins/com.st.stm32cube.ide.mcu.externaltools.gnu-tools-for-stm32.12.3.rel1.win32_1.0.200.202406191623/tools/bin/../lib/gcc/arm-none-eabi/12.3.1/../../../../arm-none-eabi/lib/thumb/v7e-m+fp/hard\libc_nano.a(libc_a-impure.o)
                              C:/ST/STM32CubeIDE_1.16.1/STM32CubeIDE/plugins/com.st.stm32cube.ide.mcu.externaltools.gnu-tools-for-stm32.12.3.rel1.win32_1.0.200.202406191623/tools/bin/../lib/gcc/arm-none-eabi/12.3.1/../../../../arm-none-eabi/lib/thumb/v7e-m+fp/hard\libc_nano.a(libc_a-printf.o) (_impure_ptr)
[...]
Memory Configuration

Name             Origin             Length             Attributes
CCMRAM           0x10000000         0x00010000         xrw
RAM              0x20000000         0x00030000         xrw
FLASH            0x08000000         0x00200000         xr
*default*        0x00000000         0xffffffff

Linker script and memory map

LOAD C:/ST/STM32CubeIDE_1.16.1/STM32CubeIDE/plugins/com.st.stm32cube.ide.mcu.externaltools.gnu-tools-for-stm32.12.3.rel1.win32_1.0.200.202406191623/tools/bin/../lib/gcc/arm-none-eabi/12.3.1/thumb/v7e-m+fp/hard/crti.o
LOAD C:/ST/STM32CubeIDE_1.16.1/STM32CubeIDE/plugins/com.st.stm32cube.ide.mcu.externaltools.gnu-tools-for-stm32.12.3.rel1.win32_1.0.200.202406191623/tools/bin/../lib/gcc/arm-none-eabi/12.3.1/thumb/v7e-m+fp/hard/crtbegin.o
LOAD C:/ST/STM32CubeIDE_1.16.1/STM32CubeIDE/plugins/com.st.stm32cube.ide.mcu.externaltools.gnu-tools-for-stm32.12.3.rel1.win32_1.0.200.202406191623/tools/bin/../lib/gcc/arm-none-eabi/12.3.1/../../../../arm-none-eabi/lib/thumb/v7e-m+fp/hard/crt0.o
LOAD ./Core/Src/ApplicationCode.o
LOAD ./Core/Src/Button_Driver.o
LOAD ./Core/Src/InterruptControl.o
LOAD ./Core/Src/LCD_Driver.o
LOAD ./Core/Src/RNG.o
LOAD ./Core/Src/Scheduler.o
LOAD ./Core/Src/Tetris.o
LOAD ./Core/Src/Timer_Driver.o
LOAD ./Core/Src/fonts.o
LOAD ./Core/Src/ili9341.o
LOAD ./Core/Src/main.o
LOAD ./Core/Src/stm32f4xx_hal_msp.o
LOAD ./Core/Src/stm32f4xx_it.o
LOAD ./Core/Src/stmpe811.o
LOAD ./Core/Src/syscalls.o
LOAD ./Core/Src/sysmem.o
LOAD ./Core/Src/system_stm32f4xx.o
LOAD ./Core/Startup/startup_stm32f429zitx.o
LOAD ./Drivers/STM32F4xx_HAL_Driver/Src/stm32f4xx_hal.o
LOAD ./Drivers/STM32F4xx_HAL_Driver/Src/stm32f4xx_hal_cortex.o
LOAD ./Drivers/STM32F4xx_HAL_Driver/Src/stm32f4xx_hal_dma.o
LOAD ./Drivers/STM32F4xx_HAL_Driver/Src/stm32f4xx_hal_dma_ex.o
LOAD ./Drivers/STM32F4xx_HAL_Driver/Src/stm32f4xx_hal_dsi.o
LOAD ./Drivers/STM32F4xx_HAL_Driver/Src/stm32f4xx_hal_exti.o
LOAD ./Drivers/STM32F4xx_HAL_Driver/Src/stm32f4xx_hal_flash.o
LOAD ./Drivers/STM32F4xx_HAL_Driver/Src/stm32f4xx_hal_flash_ex.o
LOAD ./Drivers/STM32F4xx_HAL_Driver/Src/stm32f4xx_hal_flash_ramfunc.o
LOAD ./Drivers/STM32F4xx_HAL_Driver/Src/stm32f4xx_hal_gpio.o
LOAD ./Drivers/STM32F4xx_HAL_Driver/Src/stm32f4xx_hal_i2c.o
LOAD ./Drivers/STM32F4xx_HAL_Driver/Src/stm32f4xx_hal_i2c_ex.o
LOAD ./Drivers/STM32F4xx_HAL_Driver/Src/stm32f4xx_hal_ltdc.o
LOAD ./Drivers/STM32F4xx_HAL_Driver/Src/stm32f4xx_hal_ltdc_ex.o
LOAD ./Drivers/STM32F4xx_HAL_Driver/Src/stm32f4xx_hal_pwr.o
LOAD ./Drivers/STM32F4xx_HAL_Driver/Src/stm32f4xx_hal_pwr_ex.o
LOAD ./Drivers/STM32F4xx_HAL_Driver/Src/stm32f4xx_hal_rcc.o
LOAD ./Drivers/STM32F4xx_HAL_Driver/Src/stm32f4xx_hal_rcc_ex.o
LOAD ./Drivers/STM32F4xx_HAL_Driver/Src/stm32f4xx_hal_rng.o
LOAD ./Drivers/STM32F4xx_HAL_Driver/Src/stm32f4xx_hal_spi.o
LOAD ./Drivers/STM32F4xx_HAL_Driver/Src/stm32f4xx_hal_tim.o
LOAD ./Drivers/STM32F4xx_HAL_Driver/Src/stm32f4xx_hal_tim_ex.o
START GROUP
LOAD C:/ST/STM32CubeIDE_1.16.1/STM32CubeIDE/plugins/com.st.stm32cube.ide.mcu.externaltools.gnu-tools-for-stm32.12.3.rel1.win32_1.0.200.202406191623/tools/bin/../lib/gcc/arm-none-eabi/12.3.1/../../../../arm-none-eabi/lib/thumb/v7e-m+fp/hard\libc_nano.a
LOAD C:/ST/STM32CubeIDE_1.16.1/STM32CubeIDE/plugins/com.st.stm32cube.ide.mcu.externaltools.gnu-tools-for-stm32.12.3.rel1.win32_1.0.200.202406191623/tools/bin/../lib/gcc/arm-none-eabi/12.3.1/../../../../arm-none-eabi/lib/thumb/v7e-m+fp/hard\libm.a
END GROUP
START GROUP
LOAD C:/ST/STM32CubeIDE_1.16.1/STM32CubeIDE/plugins/com.st.stm32cube.ide.mcu.externaltools.gnu-tools-for-stm32.12.3.rel1.win32_1.0.200.202406191623/tools/bin/../lib/gcc/arm-none-eabi/12.3.1/thumb/v7e-m+fp/hard\libgcc.a
LOAD C:/ST/STM32CubeIDE_1.16.1/STM32CubeIDE/plugins/com.st.stm32cube.ide.mcu.externaltools.gnu-tools-for-stm32.12.3.rel1.win32_1.0.200.202406191623/tools/bin/../lib/gcc/arm-none-eabi/12.3.1/../../../../arm-none-eabi/lib/thumb/v7e-m+fp/hard\libc_nano.a
END GROUP
START GROUP
LOAD C:/ST/STM32CubeIDE_1.16.1/STM32CubeIDE/plugins/com.st.stm32cube.ide.mcu.externaltools.gnu-tools-for-stm32.12.3.rel1.win32_1.0.200.202406191623/tools/bin/../lib/gcc/arm-none-eabi/12.3.1/thumb/v7e-m+fp/hard\libgcc.a
LOAD C:/ST/STM32CubeIDE_1.16.1/STM32CubeIDE/plugins/com.st.stm32cube.ide.mcu.externaltools.gnu-tools-for-stm32.12.3.rel1.win32_1.0.200.202406191623/tools/bin/../lib/gcc/arm-none-eabi/12.3.1/../../../../arm-none-eabi/lib/thumb/v7e-m+fp/hard\libc_nano.a
LOAD C:/ST/STM32CubeIDE_1.16.1/STM32CubeIDE/plugins/com.st.stm32cube.ide.mcu.externaltools.gnu-tools-for-stm32.12.3.rel1.win32_1.0.200.202406191623/tools/bin/../lib/gcc/arm-none-eabi/12.3.1/../../../../arm-none-eabi/lib/thumb/v7e-m+fp/hard\libnosys.a
END GROUP
START GROUP
LOAD C:/ST/STM32CubeIDE_1.16.1/STM32CubeIDE/plugins/com.st.stm32cube.ide.mcu.externaltools.gnu-tools-for-stm32.12.3.rel1.win32_1.0.200.202406191623/tools/bin/../lib/gcc/arm-none-eabi/12.3.1/thumb/v7e-m+fp/hard\libgcc.a
LOAD C:/ST/STM32CubeIDE_1.16.1/STM32CubeIDE/plugins/com.st.stm32cube.ide.mcu.externaltools.gnu-tools-for-stm32.12.3.rel1.win32_1.0.200.202406191623/tools/bin/../lib/gcc/arm-none-eabi/12.3.1/../../../../arm-none-eabi/lib/thumb/v7e-m+fp/hard\libc_nano.a
LOAD C:/ST/STM32CubeIDE_1.16.1/STM32CubeIDE/plugins/com.st.stm32cube.ide.mcu.externaltools.gnu-tools-for-stm32.12.3.rel1.win32_1.0.200.202406191623/tools/bin/../lib/gcc/arm-none-eabi/12.3.1/../../../../arm-none-eabi/lib/thumb/v7e-m+fp/hard\libnosys.a
END GROUP
LOAD C:/ST/STM32CubeIDE_1.16.1/STM32CubeIDE/plugins/com.st.stm32cube.ide.mcu.externaltools.gnu-tools-for-stm32.12.3.rel1.win32_1.0.200.202406191623/tools/bin/../lib/gcc/arm-none-eabi/12.3.1/thumb/v7e-m+fp/hard/crtend.o
LOAD C:/ST/STM32CubeIDE_1.16.1/STM32CubeIDE/plugins/com.st.stm32cube.ide.mcu.externaltools.gnu-tools-for-stm32.12.3.rel1.win32_1.0.200.202406191623/tools/bin/../lib/gcc/arm-none-eabi/12.3.1/thumb/v7e-m+fp/hard/crtn.o
                0x20030000                        _estack = (ORIGIN (RAM) + LENGTH (RAM))
                0x00000200                        _Min_Heap_Size = 0x200
                0x00000400                        _Min_Stack_Size = 0x400

.isr_vector     0x08000000      0x1ac
                0x08000000                        . = ALIGN (0x4)
 *(.isr_vector)
 .isr_vector    0x08000000      0x1ac ./Core/Startup/startup_stm32f429zitx.o
                0x08000000                g_pfnVectors
                0x080001ac                        . = ALIGN (0x4)

.text           0x080001b0     0x72c8
                0x080001b0                        . = ALIGN (0x4)
 *(.text)
 .text          0x080001b0       0x40 C:/ST/STM32CubeIDE_1.16.1/STM32CubeIDE/plugins/com.st.stm32cube.ide.mcu.externaltools.gnu-tools-for-stm32.12.3.rel1.win32_1.0.200.202406191623/tools/bin/../lib/gcc/arm-none-eabi/12.3.1/thumb/v7e-m+fp/hard/crtbegin.o
 .text          0x080001f0       0xa0 C:/ST/STM32CubeIDE_1.16.1/STM32CubeIDE/plugins/com.st.stm32cube.ide.mcu.externaltools.gnu-tools-for-stm32.12.3.rel1.win32_1.0.200.202406191623/tools/bin/../lib/gcc/arm-none-eabi/12.3.1/../../../../arm-none-eabi/lib/thumb/v7e-m+fp/hard\libc_nano.a(libc_a-memchr.o)
                0x080001f0                memchr
 .text          0x08000290       0x30 C:/ST/STM32CubeIDE_1.16.1/STM32CubeIDE/plugins/com.st.stm32cube.ide.mcu.externaltools.gnu-tools-for-stm32.12.3.rel1.win32_1.0.200.202406191623/tools/bin/../lib/gcc/arm-none-eabi/12.3.1/thumb/v7e-m+fp/hard\libgcc.a(_aeabi_uldivmod.o)
                0x08000290                __aeabi_uldivmod
 .text          0x080002c0      0x2bc C:/ST/STM32CubeIDE_1.16.1/STM32CubeIDE/plugins/com.st.stm32cube.ide.mcu.externaltools.gnu-tools-for-stm32.12.3.rel1.win32_1.0.200.202406191623/tools/bin/../lib/gcc/arm-none-eabi/12.3.1/thumb/v7e-m+fp/hard\libgcc.a(_udivmoddi4.o)
                0x080002c0                __udivmoddi4
 .text          0x0800057c        0x4 C:/ST/STM32CubeIDE_1.16.1/STM32CubeIDE/plugins/com.st.stm32cube.ide.mcu.externaltools.gnu-tools-for-stm32.12.3.rel1.win32_1.0.200.202406191623/tools/bin/../lib/gcc/arm-none-eabi/12.3.1/thumb/v7e-m+fp/hard\libgcc.a(_dvmd_tls.o)
                0x0800057c                __aeabi_idiv0
                0x0800057c                __aeabi_ldiv0
 *(.text*)
 .text.appButtonInterruptInit
                0x08000580        0xc ./Core/Src/ApplicationCode.o
                0x08000580                appButtonInterruptInit
 .text.EXTI0_IRQHandler
                0x0800058c       0x3c ./Core/Src/ApplicationCode.o
                0x0800058c                EXTI0_IRQHandler
 .text.TIM7_IRQHandler
                0x080005c8       0x30 ./Core/Src/ApplicationCode.o
                0x080005c8                TIM7_IRQHandler
 .text.ApplicationInit
                0x080005f8       0x34 ./Core/Src/ApplicationCode.o
                0x080005f8                ApplicationInit
 .text.BUTTON_Clk_Enable
                0x0800062c       0x34 ./Core/Src/Button_Driver.o
                0x0800062c                BUTTON_Clk_Enable
 .text.buttonInterruptInit
                0x08000660       0x48 ./Core/Src/Button_Driver.o
                0x08000660                buttonInterruptInit
 .text.interruptEnable
                0x080006a8       0x58 ./Core/Src/InterruptControl.o
                0x080006a8                interruptEnable
 .text.interruptDisable
                0x08000700       0x58 ./Core/Src/InterruptControl.o
                0x08000700                interruptDisable
 .text.interruptClearPending
                0x08000758       0x58 ./Core/Src/InterruptControl.o
                0x08000758                interruptClearPending
 .text.LCD_GPIO_Init
                0x080007b0      0x190 ./Core/Src/LCD_Driver.o
                0x080007b0                LCD_GPIO_Init
 .text.LTCD_Layer_Init
                0x08000940       0x80 ./Core/Src/LCD_Driver.o
                0x08000940                LTCD_Layer_Init
 .text.LTCD__Init
                0x080009c0       0xbc ./Core/Src/LCD_Driver.o
                0x080009c0                LTCD__Init
 .text.LCD_Draw_Pixel
                0x08000a7c       0x3c ./Core/Src/LCD_Driver.o
                0x08000a7c                LCD_Draw_Pixel
 .text.LCD_Draw_Vertical_Line
                0x08000ab8       0x4e ./Core/Src/LCD_Driver.o
                0x08000ab8                LCD_Draw_Vertical_Line
 *fill*         0x08000b06        0x2 
 .text.LCD_Clear
                0x08000b08       0x44 ./Core/Src/LCD_Driver.o
                0x08000b08                LCD_Clear
 .text.LCD_SetTextColor
                0x08000b4c       0x20 ./Core/Src/LCD_Driver.o
                0x08000b4c                LCD_SetTextColor
 .text.LCD_SetFont
                0x08000b6c       0x20 ./Core/Src/LCD_Driver.o
                0x08000b6c                LCD_SetFont
 .text.LCD_Draw_Char
                0x08000b8c       0xdc ./Core/Src/LCD_Driver.o
                0x08000b8c                LCD_Draw_Char
 .text.LCD_DisplayChar
                0x08000c68       0x44 ./Core/Src/LCD_Driver.o
                0x08000c68                LCD_DisplayChar
 .text.LCD_Error_Handler
                0x08000cac        0xc ./Core/Src/LCD_Driver.o
                0x08000cac                LCD_Error_Handler
 .text.getScheduledEvents
                0x08000cb8       0x18 ./Core/Src/Scheduler.o
                0x08000cb8                getScheduledEvents
 .text.addSchedulerEvent
                0x08000cd0       0x24 ./Core/Src/Scheduler.o
                0x08000cd0                addSchedulerEvent
 .text.restingBlockMatrixInit
                0x08000cf4       0x64 ./Core/Src/Tetris.o
                0x08000cf4                restingBlockMatrixInit
 .text.mainMenu
                0x08000d58      0x210 ./Core/Src/Tetris.o
                0x08000d58                mainMenu
 .text.playGame
                0x08000f68       0xf4 ./Core/Src/Tetris.o
                0x08000f68                playGame
 .text.youLoseIdiot
                0x0800105c       0x20 ./Core/Src/Tetris.o
                0x0800105c                youLoseIdiot
 .text.printSec
                0x0800107c      0x158 ./Core/Src/Tetris.o
                0x0800107c                printSec
 .text.updateTick
                0x080011d4        0xe ./Core/Src/Tetris.o
                0x080011d4                updateTick
 *fill*         0x080011e2        0x2 
 .text.setGameState
                0x080011e4       0x20 ./Core/Src/Tetris.o
                0x080011e4                setGameState
 .text.getGameState
                0x08001204       0x18 ./Core/Src/Tetris.o
                0x08001204                getGameState
 .text.iWantToRotateBlock
                0x0800121c       0x18 ./Core/Src/Tetris.o
                0x0800121c                iWantToRotateBlock
 .text.rotateBlock
                0x08001234      0x404 ./Core/Src/Tetris.o
                0x08001234                rotateBlock
 .text.setFallingBlock
                0x08001638       0x20 ./Core/Src/Tetris.o
                0x08001638                setFallingBlock
 .text.generateFallingBlock
                0x08001658       0x54 ./Core/Src/Tetris.o
                0x08001658                generateFallingBlock
 .text.clearFallingBlockMatrix
                0x080016ac       0x50 ./Core/Src/Tetris.o
                0x080016ac                clearFallingBlockMatrix
 .text.putBlockIntoFallingMatrix
                0x080016fc      0x718 ./Core/Src/Tetris.o
                0x080016fc                putBlockIntoFallingMatrix
 .text.moveBlockDown
                0x08001e14      0x2e4 ./Core/Src/Tetris.o
                0x08001e14                moveBlockDown
 .text.drawBlock
                0x080020f8      0x180 ./Core/Src/Tetris.o
                0x080020f8                drawBlock
 .text.clearBlock
                0x08002278      0x180 ./Core/Src/Tetris.o
                0x08002278                clearBlock
 .text.drawHero0
                0x080023f8       0x42 ./Core/Src/Tetris.o
                0x080023f8                drawHero0
 .text.drawHero1
                0x0800243a       0xc6 ./Core/Src/Tetris.o
                0x0800243a                drawHero1
 .text.drawOrangeRicky0
                0x08002500       0x6e ./Core/Src/Tetris.o
                0x08002500                drawOrangeRicky0
 .text.drawOrangeRicky1
                0x0800256e       0x9a ./Core/Src/Tetris.o
                0x0800256e                drawOrangeRicky1
 .text.drawOrangeRicky2
                0x08002608       0x6e ./Core/Src/Tetris.o
                0x08002608                drawOrangeRicky2
 .text.drawOrangeRicky3
                0x08002676       0x72 ./Core/Src/Tetris.o
                0x08002676                drawOrangeRicky3
 .text.drawBlueRicky0
                0x080026e8       0x6a ./Core/Src/Tetris.o
                0x080026e8                drawBlueRicky0
 .text.drawBlueRicky1
                0x08002752       0x6a ./Core/Src/Tetris.o
                0x08002752                drawBlueRicky1
 .text.drawBlueRicky2
                0x080027bc       0x6e ./Core/Src/Tetris.o
                0x080027bc                drawBlueRicky2
 .text.drawBlueRicky3
                0x0800282a       0x6e ./Core/Src/Tetris.o
                0x0800282a                drawBlueRicky3
 .text.drawClevelandZ0
                0x08002898       0x6e ./Core/Src/Tetris.o
                0x08002898                drawClevelandZ0
 .text.drawClevelandZ1
                0x08002906       0x72 ./Core/Src/Tetris.o
                0x08002906                drawClevelandZ1
 .text.drawRhodeIslandZ0
                0x08002978       0x6e ./Core/Src/Tetris.o
                0x08002978                drawRhodeIslandZ0
 .text.drawRhodeIslandZ1
                0x080029e6       0x72 ./Core/Src/Tetris.o
                0x080029e6                drawRhodeIslandZ1
 .text.drawTeewee0
                0x08002a58       0x6e ./Core/Src/Tetris.o
                0x08002a58                drawTeewee0
 .text.drawTeewee1
                0x08002ac6       0x72 ./Core/Src/Tetris.o
                0x08002ac6                drawTeewee1
 .text.drawTeewee2
                0x08002b38       0x72 ./Core/Src/Tetris.o
                0x08002b38                drawTeewee2
 .text.drawTeewee3
                0x08002baa       0x72 ./Core/Src/Tetris.o
                0x08002baa                drawTeewee3
 .text.drawSmashboy0
                0x08002c1c       0x6e ./Core/Src/Tetris.o
                0x08002c1c                drawSmashboy0
 .text.clearHero0
                0x08002c8a       0x42 ./Core/Src/Tetris.o
                0x08002c8a                clearHero0
 .text.clearHero1
                0x08002ccc       0xc6 ./Core/Src/Tetris.o
                0x08002ccc                clearHero1
 .text.clearOrangeRicky0
                0x08002d92       0x6e ./Core/Src/Tetris.o
                0x08002d92                clearOrangeRicky0
 .text.clearOrangeRicky1
                0x08002e00       0x9a ./Core/Src/Tetris.o
                0x08002e00                clearOrangeRicky1
 .text.clearOrangeRicky2
                0x08002e9a       0x6e ./Core/Src/Tetris.o
                0x08002e9a                clearOrangeRicky2
 .text.clearOrangeRicky3
                0x08002f08       0x72 ./Core/Src/Tetris.o
                0x08002f08                clearOrangeRicky3
 .text.clearBlueRicky0
                0x08002f7a       0x6e ./Core/Src/Tetris.o
                0x08002f7a                clearBlueRicky0
 .text.clearBlueRicky1
                0x08002fe8       0x6e ./Core/Src/Tetris.o
                0x08002fe8                clearBlueRicky1
 .text.clearBlueRicky2
                0x08003056       0x72 ./Core/Src/Tetris.o
                0x08003056                clearBlueRicky2
 .text.clearBlueRicky3
                0x080030c8       0x72 ./Core/Src/Tetris.o
                0x080030c8                clearBlueRicky3
 .text.clearClevelandZ0
                0x0800313a       0x6e ./Core/Src/Tetris.o
                0x0800313a                clearClevelandZ0
 .text.clearClevelandZ1
                0x080031a8       0x72 ./Core/Src/Tetris.o
                0x080031a8                clearClevelandZ1
 .text.clearRhodeIslandZ0
                0x0800321a       0x6e ./Core/Src/Tetris.o
                0x0800321a                clearRhodeIslandZ0
 .text.clearRhodeIslandZ1
                0x08003288       0x72 ./Core/Src/Tetris.o
                0x08003288                clearRhodeIslandZ1
 .text.clearTeewee0
                0x080032fa       0x6e ./Core/Src/Tetris.o
                0x080032fa                clearTeewee0
 .text.clearTeewee1
                0x08003368       0x72 ./Core/Src/Tetris.o
                0x08003368                clearTeewee1
 .text.clearTeewee2
                0x080033da       0x72 ./Core/Src/Tetris.o
                0x080033da                clearTeewee2
 .text.clearTeewee3
                0x0800344c       0x72 ./Core/Src/Tetris.o
                0x0800344c                clearTeewee3
 .text.clearSmashboy0
                0x080034be       0x6e ./Core/Src/Tetris.o
                0x080034be                clearSmashboy0
 .text.getTimerRollover
                0x0800352c       0x18 ./Core/Src/Tetris.o
                0x0800352c                getTimerRollover
 .text.addToTimerRollover
                0x08003544       0x20 ./Core/Src/Tetris.o
                0x08003544                addToTimerRollover
 .text.timerInit
                0x08003564       0xfe ./Core/Src/Timer_Driver.o
                0x08003564                timerInit
 *fill*         0x08003662        0x2 
 .text.LEDTimer7Init
                0x08003664       0x78 ./Core/Src/Timer_Driver.o
                0x08003664                LEDTimer7Init
 .text.timerStart
                0x080036dc       0x20 ./Core/Src/Timer_Driver.o
                0x080036dc                timerStart
 .text.timerStop
                0x080036fc       0x20 ./Core/Src/Timer_Driver.o
                0x080036fc                timerStop
 .text.timerReset
                0x0800371c       0x1a ./Core/Src/Timer_Driver.o
                0x0800371c                timerReset
 *fill*         0x08003736        0x2 
 .text.timerInterruptEnableDisable
                0x08003738       0x7c ./Core/Src/Timer_Driver.o
                0x08003738                timerInterruptEnableDisable
 .text.ili9341_Init
                0x080037b4      0x294 ./Core/Src/ili9341.o
                0x080037b4                ili9341_Init
 .text.ili9341_Write_Reg
                0x08003a48       0x1a ./Core/Src/ili9341.o
                0x08003a48                ili9341_Write_Reg
 .text.ili9341_Send_Data
                0x08003a62       0x1a ./Core/Src/ili9341.o
                0x08003a62                ili9341_Send_Data
 .text.SPI_Init
                0x08003a7c       0x74 ./Core/Src/ili9341.o
 .text.SPI_Write
                0x08003af0       0x3c ./Core/Src/ili9341.o
 .text.SPI_Error
                0x08003b2c       0x18 ./Core/Src/ili9341.o
 .text.SPI_MspInit
                0x08003b44       0x74 ./Core/Src/ili9341.o
 .text.LCD_IO_Init
                0x08003bb8       0xf0 ./Core/Src/ili9341.o
                0x08003bb8                LCD_IO_Init
 .text.LCD_IO_WriteData
                0x08003ca8       0x44 ./Core/Src/ili9341.o
                0x08003ca8                LCD_IO_WriteData
 .text.LCD_IO_WriteReg
                0x08003cec       0x44 ./Core/Src/ili9341.o
                0x08003cec                LCD_IO_WriteReg
 .text.LCD_Delay
                0x08003d30       0x16 ./Core/Src/ili9341.o
                0x08003d30                LCD_Delay
 *fill*         0x08003d46        0x2 
 .text.main     0x08003d48       0x74 ./Core/Src/main.o
                0x08003d48                main
 .text.SystemClockOverride
                0x08003dbc       0x80 ./Core/Src/main.o
                0x08003dbc                SystemClockOverride
 .text.Error_Handler
                0x08003e3c        0xc ./Core/Src/main.o
                0x08003e3c                Error_Handler
 .text.HAL_MspInit
                0x08003e48       0x50 ./Core/Src/stm32f4xx_hal_msp.o
                0x08003e48                HAL_MspInit
 .text.HAL_LTDC_MspInit
                0x08003e98      0x250 ./Core/Src/stm32f4xx_hal_msp.o
                0x08003e98                HAL_LTDC_MspInit
 .text.HAL_RNG_MspInit
                0x080040e8       0x44 ./Core/Src/stm32f4xx_hal_msp.o
                0x080040e8                HAL_RNG_MspInit
 .text.HAL_SPI_MspInit
                0x0800412c       0x90 ./Core/Src/stm32f4xx_hal_msp.o
                0x0800412c                HAL_SPI_MspInit
 .text.HAL_SPI_MspDeInit
                0x080041bc       0x3c ./Core/Src/stm32f4xx_hal_msp.o
                0x080041bc                HAL_SPI_MspDeInit
 .text.NMI_Handler
                0x080041f8        0x8 ./Core/Src/stm32f4xx_it.o
                0x080041f8                NMI_Handler
 .text.HardFault_Handler
                0x08004200        0x8 ./Core/Src/stm32f4xx_it.o
                0x08004200                HardFault_Handler
 .text.MemManage_Handler
                0x08004208        0x8 ./Core/Src/stm32f4xx_it.o
                0x08004208                MemManage_Handler
 .text.BusFault_Handler
                0x08004210        0x8 ./Core/Src/stm32f4xx_it.o
                0x08004210                BusFault_Handler
 .text.UsageFault_Handler
                0x08004218        0x8 ./Core/Src/stm32f4xx_it.o
                0x08004218                UsageFault_Handler
 .text.SVC_Handler
                0x08004220        0xe ./Core/Src/stm32f4xx_it.o
                0x08004220                SVC_Handler
 .text.DebugMon_Handler
                0x0800422e        0xe ./Core/Src/stm32f4xx_it.o
                0x0800422e                DebugMon_Handler
 .text.PendSV_Handler
                0x0800423c        0xe ./Core/Src/stm32f4xx_it.o
                0x0800423c                PendSV_Handler
 .text.SysTick_Handler
                0x0800424a        0xc ./Core/Src/stm32f4xx_it.o
                0x0800424a                SysTick_Handler
 .text.initialise_monitor_handles
                0x08004256        0xe ./Core/Src/syscalls.o
                0x08004256                initialise_monitor_handles
 .text._read    0x08004264       0x3a ./Core/Src/syscalls.o
                0x08004264                _read
 .text._write   0x0800429e       0x38 ./Core/Src/syscalls.o
                0x0800429e                _write
 .text._close   0x080042d6       0x18 ./Core/Src/syscalls.o
                0x080042d6                _close
 .text._fstat   0x080042ee       0x20 ./Core/Src/syscalls.o
                0x080042ee                _fstat
 .text._isatty  0x0800430e       0x16 ./Core/Src/syscalls.o
                0x0800430e                _isatty
 .text._lseek   0x08004324       0x1a ./Core/Src/syscalls.o
                0x08004324                _lseek
 *fill*         0x0800433e        0x2 
 .text._sbrk    0x08004340       0x6c ./Core/Src/sysmem.o
                0x08004340                _sbrk
 .text.SystemInit
                0x080043ac       0x24 ./Core/Src/system_stm32f4xx.o
                0x080043ac                SystemInit
 .text.Reset_Handler
                0x080043d0       0x50 ./Core/Startup/startup_stm32f429zitx.o
                0x080043d0                Reset_Handler
 .text.Default_Handler
                0x08004420        0x2 ./Core/Startup/startup_stm32f429zitx.o
                0x08004420                RTC_Alarm_IRQHandler
                0x08004420                HASH_RNG_IRQHandler
                0x08004420                EXTI2_IRQHandler
                0x08004420                TIM8_CC_IRQHandler
                0x08004420                UART8_IRQHandler
                0x08004420                SPI4_IRQHandler
                0x08004420                TIM1_CC_IRQHandler
                0x08004420                DMA2_Stream5_IRQHandler
                0x08004420                DMA1_Stream5_IRQHandler
                0x08004420                PVD_IRQHandler
                0x08004420                SDIO_IRQHandler
                0x08004420                TAMP_STAMP_IRQHandler
                0x08004420                CAN2_RX1_IRQHandler
                0x08004420                EXTI3_IRQHandler
                0x08004420                TIM8_TRG_COM_TIM14_IRQHandler
                0x08004420                TIM1_UP_TIM10_IRQHandler
                0x08004420                TIM8_UP_TIM13_IRQHandler
                0x08004420                I2C3_ER_IRQHandler
                0x08004420                I2C2_EV_IRQHandler
                0x08004420                DMA1_Stream2_IRQHandler
                0x08004420                CAN1_RX0_IRQHandler
                0x08004420                FPU_IRQHandler
                0x08004420                OTG_HS_WKUP_IRQHandler
                0x08004420                LTDC_ER_IRQHandler
                0x08004420                CAN2_SCE_IRQHandler
                0x08004420                DMA2_Stream2_IRQHandler
                0x08004420                SPI1_IRQHandler
                0x08004420                TIM6_DAC_IRQHandler
                0x08004420                TIM1_BRK_TIM9_IRQHandler
                0x08004420                DCMI_IRQHandler
                0x08004420                CAN2_RX0_IRQHandler
                0x08004420                DMA2_Stream3_IRQHandler
                0x08004420                USART6_IRQHandler
                0x08004420                USART3_IRQHandler
                0x08004420                CAN1_RX1_IRQHandler
                0x08004420                UART5_IRQHandler
                0x08004420                DMA2_Stream0_IRQHandler
                0x08004420                TIM4_IRQHandler
                0x08004420                I2C1_EV_IRQHandler
                0x08004420                DMA1_Stream6_IRQHandler
                0x08004420                DMA1_Stream1_IRQHandler
                0x08004420                UART4_IRQHandler
                0x08004420                TIM3_IRQHandler
                0x08004420                RCC_IRQHandler
                0x08004420                TIM8_BRK_TIM12_IRQHandler
                0x08004420                Default_Handler
                0x08004420                EXTI15_10_IRQHandler
                0x08004420                ADC_IRQHandler
                0x08004420                DMA1_Stream7_IRQHandler
                0x08004420                SPI5_IRQHandler
                0x08004420                CAN2_TX_IRQHandler
                0x08004420                TIM5_IRQHandler
                0x08004420                DMA2_Stream7_IRQHandler
                0x08004420                I2C3_EV_IRQHandler
                0x08004420                EXTI9_5_IRQHandler
                0x08004420                RTC_WKUP_IRQHandler
                0x08004420                LTDC_IRQHandler
                0x08004420                ETH_WKUP_IRQHandler
                0x08004420                SPI2_IRQHandler
                0x08004420                OTG_HS_EP1_IN_IRQHandler
                0x08004420                DMA1_Stream0_IRQHandler
                0x08004420                CAN1_TX_IRQHandler
                0x08004420                EXTI4_IRQHandler
                0x08004420                ETH_IRQHandler
                0x08004420                OTG_HS_EP1_OUT_IRQHandler
                0x08004420                WWDG_IRQHandler
                0x08004420                SPI6_IRQHandler
                0x08004420                TIM2_IRQHandler
                0x08004420                OTG_FS_WKUP_IRQHandler
                0x08004420                TIM1_TRG_COM_TIM11_IRQHandler
                0x08004420                OTG_HS_IRQHandler
                0x08004420                DMA2D_IRQHandler
                0x08004420                EXTI1_IRQHandler
                0x08004420                UART7_IRQHandler
                0x08004420                USART2_IRQHandler
                0x08004420                I2C2_ER_IRQHandler
                0x08004420                DMA2_Stream1_IRQHandler
                0x08004420                CAN1_SCE_IRQHandler
                0x08004420                FLASH_IRQHandler
                0x08004420                DMA2_Stream4_IRQHandler
                0x08004420                USART1_IRQHandler
                0x08004420                OTG_FS_IRQHandler
                0x08004420                SPI3_IRQHandler
                0x08004420                DMA1_Stream4_IRQHandler
                0x08004420                I2C1_ER_IRQHandler
                0x08004420                FMC_IRQHandler
                0x08004420                DMA2_Stream6_IRQHandler
                0x08004420                SAI1_IRQHandler
                0x08004420                DMA1_Stream3_IRQHandler
 *fill*         0x08004422        0x2 
 .text.HAL_Init
                0x08004424       0x44 ./Drivers/STM32F4xx_HAL_Driver/Src/stm32f4xx_hal.o
                0x08004424                HAL_Init
 .text.HAL_InitTick
                0x08004468       0x60 ./Drivers/STM32F4xx_HAL_Driver/Src/stm32f4xx_hal.o
                0x08004468                HAL_InitTick
 .text.HAL_IncTick
                0x080044c8       0x28 ./Drivers/STM32F4xx_HAL_Driver/Src/stm32f4xx_hal.o
                0x080044c8                HAL_IncTick
 .text.HAL_GetTick
                0x080044f0       0x18 ./Drivers/STM32F4xx_HAL_Driver/Src/stm32f4xx_hal.o
                0x080044f0                HAL_GetTick
 .text.HAL_Delay
                0x08004508       0x48 ./Drivers/STM32F4xx_HAL_Driver/Src/stm32f4xx_hal.o
                0x08004508                HAL_Delay
 .text.__NVIC_SetPriorityGrouping
                0x08004550       0x48 ./Drivers/STM32F4xx_HAL_Driver/Src/stm32f4xx_hal_cortex.o
 .text.__NVIC_GetPriorityGrouping
                0x08004598       0x1c ./Drivers/STM32F4xx_HAL_Driver/Src/stm32f4xx_hal_cortex.o
 .text.__NVIC_EnableIRQ
                0x080045b4       0x3c ./Drivers/STM32F4xx_HAL_Driver/Src/stm32f4xx_hal_cortex.o
 .text.__NVIC_DisableIRQ
                0x080045f0       0x48 ./Drivers/STM32F4xx_HAL_Driver/Src/stm32f4xx_hal_cortex.o
 .text.__NVIC_SetPriority
                0x08004638       0x54 ./Drivers/STM32F4xx_HAL_Driver/Src/stm32f4xx_hal_cortex.o
 .text.NVIC_EncodePriority
                0x0800468c       0x66 ./Drivers/STM32F4xx_HAL_Driver/Src/stm32f4xx_hal_cortex.o
 *fill*         0x080046f2        0x2 
 .text.SysTick_Config
                0x080046f4       0x44 ./Drivers/STM32F4xx_HAL_Driver/Src/stm32f4xx_hal_cortex.o
 .text.HAL_NVIC_SetPriorityGrouping
                0x08004738       0x16 ./Drivers/STM32F4xx_HAL_Driver/Src/stm32f4xx_hal_cortex.o
                0x08004738                HAL_NVIC_SetPriorityGrouping
 .text.HAL_NVIC_SetPriority
                0x0800474e       0x38 ./Drivers/STM32F4xx_HAL_Driver/Src/stm32f4xx_hal_cortex.o
                0x0800474e                HAL_NVIC_SetPriority
 .text.HAL_NVIC_EnableIRQ
                0x08004786       0x1c ./Drivers/STM32F4xx_HAL_Driver/Src/stm32f4xx_hal_cortex.o
                0x08004786                HAL_NVIC_EnableIRQ
 .text.HAL_NVIC_DisableIRQ
                0x080047a2       0x1c ./Drivers/STM32F4xx_HAL_Driver/Src/stm32f4xx_hal_cortex.o
                0x080047a2                HAL_NVIC_DisableIRQ
 .text.HAL_SYSTICK_Config
                0x080047be       0x18 ./Drivers/STM32F4xx_HAL_Driver/Src/stm32f4xx_hal_cortex.o
                0x080047be                HAL_SYSTICK_Config
 *fill*         0x080047d6        0x2 
 .text.HAL_EXTI_ClearPending
                0x080047d8       0x30 ./Drivers/STM32F4xx_HAL_Driver/Src/stm32f4xx_hal_exti.o
                0x080047d8                HAL_EXTI_ClearPending
 .text.HAL_GPIO_Init
                0x08004808      0x358 ./Drivers/STM32F4xx_HAL_Driver/Src/stm32f4xx_hal_gpio.o
                0x08004808                HAL_GPIO_Init
 .text.HAL_GPIO_DeInit
                0x08004b60      0x218 ./Drivers/STM32F4xx_HAL_Driver/Src/stm32f4xx_hal_gpio.o
                0x08004b60                HAL_GPIO_DeInit
 .text.HAL_GPIO_WritePin
                0x08004d78       0x32 ./Drivers/STM32F4xx_HAL_Driver/Src/stm32f4xx_hal_gpio.o
                0x08004d78                HAL_GPIO_WritePin
 *fill*         0x08004daa        0x2 
 .text.HAL_LTDC_Init
                0x08004dac      0x1a0 ./Drivers/STM32F4xx_HAL_Driver/Src/stm32f4xx_hal_ltdc.o
                0x08004dac                HAL_LTDC_Init
 .text.HAL_LTDC_ConfigLayer
                0x08004f4c       0x7c ./Drivers/STM32F4xx_HAL_Driver/Src/stm32f4xx_hal_ltdc.o
                0x08004f4c                HAL_LTDC_ConfigLayer
 .text.LTDC_SetConfig
                0x08004fc8      0x32e ./Drivers/STM32F4xx_HAL_Driver/Src/stm32f4xx_hal_ltdc.o
 *fill*         0x080052f6        0x2 
 .text.HAL_RCC_OscConfig
                0x080052f8      0x4f0 ./Drivers/STM32F4xx_HAL_Driver/Src/stm32f4xx_hal_rcc.o
                0x080052f8                HAL_RCC_OscConfig
 .text.HAL_RCC_ClockConfig
                0x080057e8      0x1cc ./Drivers/STM32F4xx_HAL_Driver/Src/stm32f4xx_hal_rcc.o
                0x080057e8                HAL_RCC_ClockConfig
 .text.HAL_RCC_GetSysClockFreq
                0x080059b4      0x20c ./Drivers/STM32F4xx_HAL_Driver/Src/stm32f4xx_hal_rcc.o
                0x080059b4                HAL_RCC_GetSysClockFreq
 .text.HAL_RCCEx_PeriphCLKConfig
                0x08005bc0      0x380 ./Drivers/STM32F4xx_HAL_Driver/Src/stm32f4xx_hal_rcc_ex.o
                0x08005bc0                HAL_RCCEx_PeriphCLKConfig
 .text.HAL_RNG_Init
                0x08005f40       0x54 ./Drivers/STM32F4xx_HAL_Driver/Src/stm32f4xx_hal_rng.o
                0x08005f40                HAL_RNG_Init
 .text.HAL_RNG_GenerateRandomNumber
                0x08005f94       0xac ./Drivers/STM32F4xx_HAL_Driver/Src/stm32f4xx_hal_rng.o
                0x08005f94                HAL_RNG_GenerateRandomNumber
 .text.HAL_SPI_Init
                0x08006040      0x112 ./Drivers/STM32F4xx_HAL_Driver/Src/stm32f4xx_hal_spi.o
                0x08006040                HAL_SPI_Init
 .text.HAL_SPI_DeInit
                0x08006152       0x50 ./Drivers/STM32F4xx_HAL_Driver/Src/stm32f4xx_hal_spi.o
                0x08006152                HAL_SPI_DeInit
 .text.HAL_SPI_Transmit
                0x080061a2      0x288 ./Drivers/STM32F4xx_HAL_Driver/Src/stm32f4xx_hal_spi.o
                0x080061a2                HAL_SPI_Transmit
 .text.HAL_SPI_GetState
                0x0800642a       0x1c ./Drivers/STM32F4xx_HAL_Driver/Src/stm32f4xx_hal_spi.o
                0x0800642a                HAL_SPI_GetState
 *fill*         0x08006446        0x2 
 .text.SPI_WaitFlagStateUntilTimeout
                0x08006448      0x110 ./Drivers/STM32F4xx_HAL_Driver/Src/stm32f4xx_hal_spi.o
 .text.SPI_EndRxTxTransaction
                0x08006558       0xa8 ./Drivers/STM32F4xx_HAL_Driver/Src/stm32f4xx_hal_spi.o
 .text.std      0x08006600       0x6c C:/ST/STM32CubeIDE_1.16.1/STM32CubeIDE/plugins/com.st.stm32cube.ide.mcu.externaltools.gnu-tools-for-stm32.12.3.rel1.win32_1.0.200.202406191623/tools/bin/../lib/gcc/arm-none-eabi/12.3.1/../../../../arm-none-eabi/lib/thumb/v7e-m+fp/hard\libc_nano.a(libc_a-findfp.o)
 .text.stdio_exit_handler
                0x0800666c       0x18 C:/ST/STM32CubeIDE_1.16.1/STM32CubeIDE/plugins/com.st.stm32cube.ide.mcu.externaltools.gnu-tools-for-stm32.12.3.rel1.win32_1.0.200.202406191623/tools/bin/../lib/gcc/arm-none-eabi/12.3.1/../../../../arm-none-eabi/lib/thumb/v7e-m+fp/hard\libc_nano.a(libc_a-findfp.o)
 .text.cleanup_stdio
                0x08006684       0x40 C:/ST/STM32CubeIDE_1.16.1/STM32CubeIDE/plugins/com.st.stm32cube.ide.mcu.externaltools.gnu-tools-for-stm32.12.3.rel1.win32_1.0.200.202406191623/tools/bin/../lib/gcc/arm-none-eabi/12.3.1/../../../../arm-none-eabi/lib/thumb/v7e-m+fp/hard\libc_nano.a(libc_a-findfp.o)
 .text.global_stdio_init.part.0
                0x080066c4       0x3c C:/ST/STM32CubeIDE_1.16.1/STM32CubeIDE/plugins/com.st.stm32cube.ide.mcu.externaltools.gnu-tools-for-stm32.12.3.rel1.win32_1.0.200.202406191623/tools/bin/../lib/gcc/arm-none-eabi/12.3.1/../../../../arm-none-eabi/lib/thumb/v7e-m+fp/hard\libc_nano.a(libc_a-findfp.o)
 .text.__sfp_lock_acquire
                0x08006700        0xc C:/ST/STM32CubeIDE_1.16.1/STM32CubeIDE/plugins/com.st.stm32cube.ide.mcu.externaltools.gnu-tools-for-stm32.12.3.rel1.win32_1.0.200.202406191623/tools/bin/../lib/gcc/arm-none-eabi/12.3.1/../../../../arm-none-eabi/lib/thumb/v7e-m+fp/hard\libc_nano.a(libc_a-findfp.o)
                0x08006700                __sfp_lock_acquire
 .text.__sfp_lock_release
                0x0800670c        0xc C:/ST/STM32CubeIDE_1.16.1/STM32CubeIDE/plugins/com.st.stm32cube.ide.mcu.externaltools.gnu-tools-for-stm32.12.3.rel1.win32_1.0.200.202406191623/tools/bin/../lib/gcc/arm-none-eabi/12.3.1/../../../../arm-none-eabi/lib/thumb/v7e-m+fp/hard\libc_nano.a(libc_a-findfp.o)
                0x0800670c                __sfp_lock_release
 .text.__sinit  0x08006718       0x30 C:/ST/STM32CubeIDE_1.16.1/STM32CubeIDE/plugins/com.st.stm32cube.ide.mcu.externaltools.gnu-tools-for-stm32.12.3.rel1.win32_1.0.200.202406191623/tools/bin/../lib/gcc/arm-none-eabi/12.3.1/../../../../arm-none-eabi/lib/thumb/v7e-m+fp/hard\libc_nano.a(libc_a-findfp.o)
                0x08006718                __sinit
 .text._fwalk_sglue
                0x08006748       0x3c C:/ST/STM32CubeIDE_1.16.1/STM32CubeIDE/plugins/com.st.stm32cube.ide.mcu.externaltools.gnu-tools-for-stm32.12.3.rel1.win32_1.0.200.202406191623/tools/bin/../lib/gcc/arm-none-eabi/12.3.1/../../../../arm-none-eabi/lib/thumb/v7e-m+fp/hard\libc_nano.a(libc_a-fwalk.o)
                0x08006748                _fwalk_sglue
 .text.printf   0x08006784       0x24 C:/ST/STM32CubeIDE_1.16.1/STM32CubeIDE/plugins/com.st.stm32cube.ide.mcu.externaltools.gnu-tools-for-stm32.12.3.rel1.win32_1.0.200.202406191623/tools/bin/../lib/gcc/arm-none-eabi/12.3.1/../../../../arm-none-eabi/lib/thumb/v7e-m+fp/hard\libc_nano.a(libc_a-printf.o)
                0x08006784                iprintf
                0x08006784                printf
 .text.__sread  0x080067a8       0x22 C:/ST/STM32CubeIDE_1.16.1/STM32CubeIDE/plugins/com.st.stm32cube.ide.mcu.externaltools.gnu-tools-for-stm32.12.3.rel1.win32_1.0.200.202406191623/tools/bin/../lib/gcc/arm-none-eabi/12.3.1/../../../../arm-none-eabi/lib/thumb/v7e-m+fp/hard\libc_nano.a(libc_a-stdio.o)
                0x080067a8                __sread
 .text.__swrite
                0x080067ca       0x38 C:/ST/STM32CubeIDE_1.16.1/STM32CubeIDE/plugins/com.st.stm32cube.ide.mcu.externaltools.gnu-tools-for-stm32.12.3.rel1.win32_1.0.200.202406191623/tools/bin/../lib/gcc/arm-none-eabi/12.3.1/../../../../arm-none-eabi/lib/thumb/v7e-m+fp/hard\libc_nano.a(libc_a-stdio.o)
                0x080067ca                __swrite
 .text.__sseek  0x08006802       0x24 C:/ST/STM32CubeIDE_1.16.1/STM32CubeIDE/plugins/com.st.stm32cube.ide.mcu.externaltools.gnu-tools-for-stm32.12.3.rel1.win32_1.0.200.202406191623/tools/bin/../lib/gcc/arm-none-eabi/12.3.1/../../../../arm-none-eabi/lib/thumb/v7e-m+fp/hard\libc_nano.a(libc_a-stdio.o)
                0x08006802                __sseek
 .text.__sclose
                0x08006826        0x8 C:/ST/STM32CubeIDE_1.16.1/STM32CubeIDE/plugins/com.st.stm32cube.ide.mcu.externaltools.gnu-tools-for-stm32.12.3.rel1.win32_1.0.200.202406191623/tools/bin/../lib/gcc/arm-none-eabi/12.3.1/../../../../arm-none-eabi/lib/thumb/v7e-m+fp/hard\libc_nano.a(libc_a-stdio.o)
                0x08006826                __sclose
 .text.memset   0x0800682e       0x10 C:/ST/STM32CubeIDE_1.16.1/STM32CubeIDE/plugins/com.st.stm32cube.ide.mcu.externaltools.gnu-tools-for-stm32.12.3.rel1.win32_1.0.200.202406191623/tools/bin/../lib/gcc/arm-none-eabi/12.3.1/../../../../arm-none-eabi/lib/thumb/v7e-m+fp/hard\libc_nano.a(libc_a-memset.o)
                0x0800682e                memset
 *fill*         0x0800683e        0x2 
 .text._close_r
                0x08006840       0x20 C:/ST/STM32CubeIDE_1.16.1/STM32CubeIDE/plugins/com.st.stm32cube.ide.mcu.externaltools.gnu-tools-for-stm32.12.3.rel1.win32_1.0.200.202406191623/tools/bin/../lib/gcc/arm-none-eabi/12.3.1/../../../../arm-none-eabi/lib/thumb/v7e-m+fp/hard\libc_nano.a(libc_a-closer.o)
                0x08006840                _close_r
 .text._lseek_r
                0x08006860       0x24 C:/ST/STM32CubeIDE_1.16.1/STM32CubeIDE/plugins/com.st.stm32cube.ide.mcu.externaltools.gnu-tools-for-stm32.12.3.rel1.win32_1.0.200.202406191623/tools/bin/../lib/gcc/arm-none-eabi/12.3.1/../../../../arm-none-eabi/lib/thumb/v7e-m+fp/hard\libc_nano.a(libc_a-lseekr.o)
                0x08006860                _lseek_r
 .text._read_r  0x08006884       0x24 C:/ST/STM32CubeIDE_1.16.1/STM32CubeIDE/plugins/com.st.stm32cube.ide.mcu.externaltools.gnu-tools-for-stm32.12.3.rel1.win32_1.0.200.202406191623/tools/bin/../lib/gcc/arm-none-eabi/12.3.1/../../../../arm-none-eabi/lib/thumb/v7e-m+fp/hard\libc_nano.a(libc_a-readr.o)
                0x08006884                _read_r
 .text._write_r
                0x080068a8       0x24 C:/ST/STM32CubeIDE_1.16.1/STM32CubeIDE/plugins/com.st.stm32cube.ide.mcu.externaltools.gnu-tools-for-stm32.12.3.rel1.win32_1.0.200.202406191623/tools/bin/../lib/gcc/arm-none-eabi/12.3.1/../../../../arm-none-eabi/lib/thumb/v7e-m+fp/hard\libc_nano.a(libc_a-writer.o)
                0x080068a8                _write_r
 .text.__errno  0x080068cc        0xc C:/ST/STM32CubeIDE_1.16.1/STM32CubeIDE/plugins/com.st.stm32cube.ide.mcu.externaltools.gnu-tools-for-stm32.12.3.rel1.win32_1.0.200.202406191623/tools/bin/../lib/gcc/arm-none-eabi/12.3.1/../../../../arm-none-eabi/lib/thumb/v7e-m+fp/hard\libc_nano.a(libc_a-errno.o)
                0x080068cc                __errno
 .text.__libc_init_array
                0x080068d8       0x48 C:/ST/STM32CubeIDE_1.16.1/STM32CubeIDE/plugins/com.st.stm32cube.ide.mcu.externaltools.gnu-tools-for-stm32.12.3.rel1.win32_1.0.200.202406191623/tools/bin/../lib/gcc/arm-none-eabi/12.3.1/../../../../arm-none-eabi/lib/thumb/v7e-m+fp/hard\libc_nano.a(libc_a-init.o)
                0x080068d8                __libc_init_array
 .text.__retarget_lock_init_recursive
                0x08006920        0x2 C:/ST/STM32CubeIDE_1.16.1/STM32CubeIDE/plugins/com.st.stm32cube.ide.mcu.externaltools.gnu-tools-for-stm32.12.3.rel1.win32_1.0.200.202406191623/tools/bin/../lib/gcc/arm-none-eabi/12.3.1/../../../../arm-none-eabi/lib/thumb/v7e-m+fp/hard\libc_nano.a(libc_a-lock.o)
                0x08006920                __retarget_lock_init_recursive
 .text.__retarget_lock_acquire_recursive
                0x08006922        0x2 C:/ST/STM32CubeIDE_1.16.1/STM32CubeIDE/plugins/com.st.stm32cube.ide.mcu.externaltools.gnu-tools-for-stm32.12.3.rel1.win32_1.0.200.202406191623/tools/bin/../lib/gcc/arm-none-eabi/12.3.1/../../../../arm-none-eabi/lib/thumb/v7e-m+fp/hard\libc_nano.a(libc_a-lock.o)
                0x08006922                __retarget_lock_acquire_recursive
 .text.__retarget_lock_release_recursive
                0x08006924        0x2 C:/ST/STM32CubeIDE_1.16.1/STM32CubeIDE/plugins/com.st.stm32cube.ide.mcu.externaltools.gnu-tools-for-stm32.12.3.rel1.win32_1.0.200.202406191623/tools/bin/../lib/gcc/arm-none-eabi/12.3.1/../../../../arm-none-eabi/lib/thumb/v7e-m+fp/hard\libc_nano.a(libc_a-lock.o)
                0x08006924                __retarget_lock_release_recursive
 *fill*         0x08006926        0x2 
 .text._free_r  0x08006928       0x94 C:/ST/STM32CubeIDE_1.16.1/STM32CubeIDE/plugins/com.st.stm32cube.ide.mcu.externaltools.gnu-tools-for-stm32.12.3.rel1.win32_1.0.200.202406191623/tools/bin/../lib/gcc/arm-none-eabi/12.3.1/../../../../arm-none-eabi/lib/thumb/v7e-m+fp/hard\libc_nano.a(libc_a-freer.o)
                0x08006928                _free_r
 .text.sbrk_aligned
                0x080069bc       0x44 C:/ST/STM32CubeIDE_1.16.1/STM32CubeIDE/plugins/com.st.stm32cube.ide.mcu.externaltools.gnu-tools-for-stm32.12.3.rel1.win32_1.0.200.202406191623/tools/bin/../lib/gcc/arm-none-eabi/12.3.1/../../../../arm-none-eabi/lib/thumb/v7e-m+fp/hard\libc_nano.a(libc_a-mallocr.o)
 .text._malloc_r
                0x08006a00      0x100 C:/ST/STM32CubeIDE_1.16.1/STM32CubeIDE/plugins/com.st.stm32cube.ide.mcu.externaltools.gnu-tools-for-stm32.12.3.rel1.win32_1.0.200.202406191623/tools/bin/../lib/gcc/arm-none-eabi/12.3.1/../../../../arm-none-eabi/lib/thumb/v7e-m+fp/hard\libc_nano.a(libc_a-mallocr.o)
                0x08006a00                _malloc_r
 .text.__malloc_lock
                0x08006b00        0xc C:/ST/STM32CubeIDE_1.16.1/STM32CubeIDE/plugins/com.st.stm32cube.ide.mcu.externaltools.gnu-tools-for-stm32.12.3.rel1.win32_1.0.200.202406191623/tools/bin/../lib/gcc/arm-none-eabi/12.3.1/../../../../arm-none-eabi/lib/thumb/v7e-m+fp/hard\libc_nano.a(libc_a-mlock.o)
                0x08006b00                __malloc_lock
 .text.__malloc_unlock
                0x08006b0c        0xc C:/ST/STM32CubeIDE_1.16.1/STM32CubeIDE/plugins/com.st.stm32cube.ide.mcu.externaltools.gnu-tools-for-stm32.12.3.rel1.win32_1.0.200.202406191623/tools/bin/../lib/gcc/arm-none-eabi/12.3.1/../../../../arm-none-eabi/lib/thumb/v7e-m+fp/hard\libc_nano.a(libc_a-mlock.o)
                0x08006b0c                __malloc_unlock
 .text.__sfputc_r
                0x08006b18       0x2e C:/ST/STM32CubeIDE_1.16.1/STM32CubeIDE/plugins/com.st.stm32cube.ide.mcu.externaltools.gnu-tools-for-stm32.12.3.rel1.win32_1.0.200.202406191623/tools/bin/../lib/gcc/arm-none-eabi/12.3.1/../../../../arm-none-eabi/lib/thumb/v7e-m+fp/hard\libc_nano.a(libc_a-nano-vfprintf.o)
 .text.__sfputs_r
                0x08006b46       0x24 C:/ST/STM32CubeIDE_1.16.1/STM32CubeIDE/plugins/com.st.stm32cube.ide.mcu.externaltools.gnu-tools-for-stm32.12.3.rel1.win32_1.0.200.202406191623/tools/bin/../lib/gcc/arm-none-eabi/12.3.1/../../../../arm-none-eabi/lib/thumb/v7e-m+fp/hard\libc_nano.a(libc_a-nano-vfprintf.o)
                0x08006b46                __sfputs_r
 *fill*         0x08006b6a        0x2 
 .text._vfprintf_r
                0x08006b6c      0x230 C:/ST/STM32CubeIDE_1.16.1/STM32CubeIDE/plugins/com.st.stm32cube.ide.mcu.externaltools.gnu-tools-for-stm32.12.3.rel1.win32_1.0.200.202406191623/tools/bin/../lib/gcc/arm-none-eabi/12.3.1/../../../../arm-none-eabi/lib/thumb/v7e-m+fp/hard\libc_nano.a(libc_a-nano-vfprintf.o)
                0x08006b6c                _vfprintf_r
                0x08006b6c                _vfiprintf_r
 .text._printf_common
                0x08006d9c       0xda C:/ST/STM32CubeIDE_1.16.1/STM32CubeIDE/plugins/com.st.stm32cube.ide.mcu.externaltools.gnu-tools-for-stm32.12.3.rel1.win32_1.0.200.202406191623/tools/bin/../lib/gcc/arm-none-eabi/12.3.1/../../../../arm-none-eabi/lib/thumb/v7e-m+fp/hard\libc_nano.a(libc_a-nano-vfprintf_i.o)
                0x08006d9c                _printf_common
 *fill*         0x08006e76        0x2 
 .text._printf_i
                0x08006e78      0x240 C:/ST/STM32CubeIDE_1.16.1/STM32CubeIDE/plugins/com.st.stm32cube.ide.mcu.externaltools.gnu-tools-for-stm32.12.3.rel1.win32_1.0.200.202406191623/tools/bin/../lib/gcc/arm-none-eabi/12.3.1/../../../../arm-none-eabi/lib/thumb/v7e-m+fp/hard\libc_nano.a(libc_a-nano-vfprintf_i.o)
                0x08006e78                _printf_i
 .text.__sflush_r
                0x080070b8      0x108 C:/ST/STM32CubeIDE_1.16.1/STM32CubeIDE/plugins/com.st.stm32cube.ide.mcu.externaltools.gnu-tools-for-stm32.12.3.rel1.win32_1.0.200.202406191623/tools/bin/../lib/gcc/arm-none-eabi/12.3.1/../../../../arm-none-eabi/lib/thumb/v7e-m+fp/hard\libc_nano.a(libc_a-fflush.o)
                0x080070b8                __sflush_r
 .text._fflush_r
                0x080071c0       0x50 C:/ST/STM32CubeIDE_1.16.1/STM32CubeIDE/plugins/com.st.stm32cube.ide.mcu.externaltools.gnu-tools-for-stm32.12.3.rel1.win32_1.0.200.202406191623/tools/bin/../lib/gcc/arm-none-eabi/12.3.1/../../../../arm-none-eabi/lib/thumb/v7e-m+fp/hard\libc_nano.a(libc_a-fflush.o)
                0x080071c0                _fflush_r
 .text.__swbuf_r
                0x08007210       0x7c C:/ST/STM32CubeIDE_1.16.1/STM32CubeIDE/plugins/com.st.stm32cube.ide.mcu.externaltools.gnu-tools-for-stm32.12.3.rel1.win32_1.0.200.202406191623/tools/bin/../lib/gcc/arm-none-eabi/12.3.1/../../../../arm-none-eabi/lib/thumb/v7e-m+fp/hard\libc_nano.a(libc_a-wbuf.o)
                0x08007210                __swbuf_r
 .text.__swsetup_r
                0x0800728c       0xac C:/ST/STM32CubeIDE_1.16.1/STM32CubeIDE/plugins/com.st.stm32cube.ide.mcu.externaltools.gnu-tools-for-stm32.12.3.rel1.win32_1.0.200.202406191623/tools/bin/../lib/gcc/arm-none-eabi/12.3.1/../../../../arm-none-eabi/lib/thumb/v7e-m+fp/hard\libc_nano.a(libc_a-wsetup.o)
                0x0800728c                __swsetup_r
 .text._sbrk_r  0x08007338       0x20 C:/ST/STM32CubeIDE_1.16.1/STM32CubeIDE/plugins/com.st.stm32cube.ide.mcu.externaltools.gnu-tools-for-stm32.12.3.rel1.win32_1.0.200.202406191623/tools/bin/../lib/gcc/arm-none-eabi/12.3.1/../../../../arm-none-eabi/lib/thumb/v7e-m+fp/hard\libc_nano.a(libc_a-sbrkr.o)
                0x08007338                _sbrk_r
 .text.__swhatbuf_r
                0x08007358       0x4c C:/ST/STM32CubeIDE_1.16.1/STM32CubeIDE/plugins/com.st.stm32cube.ide.mcu.externaltools.gnu-tools-for-stm32.12.3.rel1.win32_1.0.200.202406191623/tools/bin/../lib/gcc/arm-none-eabi/12.3.1/../../../../arm-none-eabi/lib/thumb/v7e-m+fp/hard\libc_nano.a(libc_a-makebuf.o)
                0x08007358                __swhatbuf_r
 .text.__smakebuf_r
                0x080073a4       0x78 C:/ST/STM32CubeIDE_1.16.1/STM32CubeIDE/plugins/com.st.stm32cube.ide.mcu.externaltools.gnu-tools-for-stm32.12.3.rel1.win32_1.0.200.202406191623/tools/bin/../lib/gcc/arm-none-eabi/12.3.1/../../../../arm-none-eabi/lib/thumb/v7e-m+fp/hard\libc_nano.a(libc_a-makebuf.o)
                0x080073a4                __smakebuf_r
 .text._fstat_r
                0x0800741c       0x24 C:/ST/STM32CubeIDE_1.16.1/STM32CubeIDE/plugins/com.st.stm32cube.ide.mcu.externaltools.gnu-tools-for-stm32.12.3.rel1.win32_1.0.200.202406191623/tools/bin/../lib/gcc/arm-none-eabi/12.3.1/../../../../arm-none-eabi/lib/thumb/v7e-m+fp/hard\libc_nano.a(libc_a-fstatr.o)
                0x0800741c                _fstat_r
 .text._isatty_r
                0x08007440       0x20 C:/ST/STM32CubeIDE_1.16.1/STM32CubeIDE/plugins/com.st.stm32cube.ide.mcu.externaltools.gnu-tools-for-stm32.12.3.rel1.win32_1.0.200.202406191623/tools/bin/../lib/gcc/arm-none-eabi/12.3.1/../../../../arm-none-eabi/lib/thumb/v7e-m+fp/hard\libc_nano.a(libc_a-isattyr.o)
                0x08007440                _isatty_r
 *(.glue_7)
 .glue_7        0x08007460        0x0 linker stubs
 *(.glue_7t)
 .glue_7t       0x08007460        0x0 linker stubs
 *(.eh_frame)
 .eh_frame      0x08007460        0x0 C:/ST/STM32CubeIDE_1.16.1/STM32CubeIDE/plugins/com.st.stm32cube.ide.mcu.externaltools.gnu-tools-for-stm32.12.3.rel1.win32_1.0.200.202406191623/tools/bin/../lib/gcc/arm-none-eabi/12.3.1/thumb/v7e-m+fp/hard/crtbegin.o
 *(.init)
 .init          0x08007460        0x4 C:/ST/STM32CubeIDE_1.16.1/STM32CubeIDE/plugins/com.st.stm32cube.ide.mcu.externaltools.gnu-tools-for-stm32.12.3.rel1.win32_1.0.200.202406191623/tools/bin/../lib/gcc/arm-none-eabi/12.3.1/thumb/v7e-m+fp/hard/crti.o
                0x08007460                _init
 .init          0x08007464        0x8 C:/ST/STM32CubeIDE_1.16.1/STM32CubeIDE/plugins/com.st.stm32cube.ide.mcu.externaltools.gnu-tools-for-stm32.12.3.rel1.win32_1.0.200.202406191623/tools/bin/../lib/gcc/arm-none-eabi/12.3.1/thumb/v7e-m+fp/hard/crtn.o
 *(.fini)
 .fini          0x0800746c        0x4 C:/ST/STM32CubeIDE_1.16.1/STM32CubeIDE/plugins/com.st.stm32cube.ide.mcu.externaltools.gnu-tools-for-stm32.12.3.rel1.win32_1.0.200.202406191623/tools/bin/../lib/gcc/arm-none-eabi/12.3.1/thumb/v7e-m+fp/hard/crti.o
                0x0800746c                _fini
 .fini          0x08007470        0x8 C:/ST/STM32CubeIDE_1.16.1/STM32CubeIDE/plugins/com.st.stm32cube.ide.mcu.externaltools.gnu-tools-for-stm32.12.3.rel1.win32_1.0.200.202406191623/tools/bin/../lib/gcc/arm-none-eabi/12.3.1/thumb/v7e-m+fp/hard/crtn.o
                0x08007478                        . = ALIGN (0x4)
                0x08007478                        _etext = .

.vfp11_veneer   0x08007478        0x0
 .vfp11_veneer  0x08007478        0x0 linker stubs

.v4_bx          0x08007478        0x0
 .v4_bx         0x08007478        0x0 linker stubs

.iplt           0x08007478        0x0
 .iplt          0x08007478        0x0 C:/ST/STM32CubeIDE_1.16.1/STM32CubeIDE/plugins/com.st.stm32cube.ide.mcu.externaltools.gnu-tools-for-stm32.12.3.rel1.win32_1.0.200.202406191623/tools/bin/../lib/gcc/arm-none-eabi/12.3.1/thumb/v7e-m+fp/hard/crtbegin.o

.rodata         0x08007478     0x1224
                0x08007478                        . = ALIGN (0x4)
 *(.rodata)
 .rodata        0x08007478        0xd ./Core/Src/Tetris.o
 *(.rodata*)
 *fill*         0x08007485        0x3 
 .rodata.ASCII16x24_Table
                0x08007488     0x11d0 ./Core/Src/fonts.o
                0x08007488                ASCII16x24_Table
 .rodata.AHBPrescTable
                0x08008658       0x10 ./Core/Src/system_stm32f4xx.o
                0x08008658                AHBPrescTable
 .rodata._vfprintf_r.str1.1
                0x08008668       0x11 C:/ST/STM32CubeIDE_1.16.1/STM32CubeIDE/plugins/com.st.stm32cube.ide.mcu.externaltools.gnu-tools-for-stm32.12.3.rel1.win32_1.0.200.202406191623/tools/bin/../lib/gcc/arm-none-eabi/12.3.1/../../../../arm-none-eabi/lib/thumb/v7e-m+fp/hard\libc_nano.a(libc_a-nano-vfprintf.o)
 .rodata._printf_i.str1.1
                0x08008679       0x22 C:/ST/STM32CubeIDE_1.16.1/STM32CubeIDE/plugins/com.st.stm32cube.ide.mcu.externaltools.gnu-tools-for-stm32.12.3.rel1.win32_1.0.200.202406191623/tools/bin/../lib/gcc/arm-none-eabi/12.3.1/../../../../arm-none-eabi/lib/thumb/v7e-m+fp/hard\libc_nano.a(libc_a-nano-vfprintf_i.o)
                0x0800869c                        . = ALIGN (0x4)
 *fill*         0x0800869b        0x1 

.ARM.extab      0x0800869c        0x0
                0x0800869c                        . = ALIGN (0x4)
 *(.ARM.extab* .gnu.linkonce.armextab.*)
                0x0800869c                        . = ALIGN (0x4)

.ARM            0x0800869c        0x8
                0x0800869c                        . = ALIGN (0x4)
                0x0800869c                        __exidx_start = .
 *(.ARM.exidx*)
 .ARM.exidx     0x0800869c        0x8 C:/ST/STM32CubeIDE_1.16.1/STM32CubeIDE/plugins/com.st.stm32cube.ide.mcu.externaltools.gnu-tools-for-stm32.12.3.rel1.win32_1.0.200.202406191623/tools/bin/../lib/gcc/arm-none-eabi/12.3.1/../../../../arm-none-eabi/lib/thumb/v7e-m+fp/hard\libc_nano.a(libc_a-memchr.o)
 .ARM.exidx     0x080086a4        0x0 C:/ST/STM32CubeIDE_1.16.1/STM32CubeIDE/plugins/com.st.stm32cube.ide.mcu.externaltools.gnu-tools-for-stm32.12.3.rel1.win32_1.0.200.202406191623/tools/bin/../lib/gcc/arm-none-eabi/12.3.1/thumb/v7e-m+fp/hard\libgcc.a(_udivmoddi4.o)
                                  0x8 (size before relaxing)
                0x080086a4                        __exidx_end = .
                0x080086a4                        . = ALIGN (0x4)

.preinit_array  0x080086a4        0x0
                0x080086a4                        . = ALIGN (0x4)
                0x080086a4                        PROVIDE (__preinit_array_start = .)
 *(.preinit_array*)
                0x080086a4                        PROVIDE (__preinit_array_end = .)
                0x080086a4                        . = ALIGN (0x4)

.init_array     0x080086a4        0x4
                0x080086a4                        . = ALIGN (0x4)
                0x080086a4                        PROVIDE (__init_array_start = .)
 *(SORT_BY_NAME(.init_array.*))
 *(.init_array*)
 .init_array    0x080086a4        0x4 C:/ST/STM32CubeIDE_1.16.1/STM32CubeIDE/plugins/com.st.stm32cube.ide.mcu.externaltools.gnu-tools-for-stm32.12.3.rel1.win32_1.0.200.202406191623/tools/bin/../lib/gcc/arm-none-eabi/12.3.1/thumb/v7e-m+fp/hard/crtbegin.o
                0x080086a8                        PROVIDE (__init_array_end = .)
                0x080086a8                        . = ALIGN (0x4)

.fini_array     0x080086a8        0x4
                0x080086a8                        . = ALIGN (0x4)
                [!provide]                        PROVIDE (__fini_array_start = .)
 *(SORT_BY_NAME(.fini_array.*))
 *(.fini_array*)
 .fini_array    0x080086a8        0x4 C:/ST/STM32CubeIDE_1.16.1/STM32CubeIDE/plugins/com.st.stm32cube.ide.mcu.externaltools.gnu-tools-for-stm32.12.3.rel1.win32_1.0.200.202406191623/tools/bin/../lib/gcc/arm-none-eabi/12.3.1/thumb/v7e-m+fp/hard/crtbegin.o
                [!provide]                        PROVIDE (__fini_array_end = .)
                0x080086ac                        . = ALIGN (0x4)
                0x080086ac                        _sidata = LOADADDR (.data)

.rel.dyn        0x080086ac        0x0
 .rel.iplt      0x080086ac        0x0 C:/ST/STM32CubeIDE_1.16.1/STM32CubeIDE/plugins/com.st.stm32cube.ide.mcu.externaltools.gnu-tools-for-stm32.12.3.rel1.win32_1.0.200.202406191623/tools/bin/../lib/gcc/arm-none-eabi/12.3.1/thumb/v7e-m+fp/hard/crtbegin.o

.data           0x20000000       0x78 load address 0x080086ac
                0x20000000                        . = ALIGN (0x4)
                0x20000000                        _sdata = .
 *(.data)
 *(.data*)
 .data.CurrentTextColor
                0x20000000        0x2 ./Core/Src/LCD_Driver.o
 .data.fallingBlock
                0x20000002        0x2 ./Core/Src/Tetris.o
 .data.Font16x24
                0x20000004        0x8 ./Core/Src/fonts.o
                0x20000004                Font16x24
 .data.SpiTimeout
                0x2000000c        0x4 ./Core/Src/ili9341.o
                0x2000000c                SpiTimeout
 .data.SystemCoreClock
                0x20000010        0x4 ./Core/Src/system_stm32f4xx.o
                0x20000010                SystemCoreClock
 .data.uwTickPrio
                0x20000014        0x4 ./Drivers/STM32F4xx_HAL_Driver/Src/stm32f4xx_hal.o
                0x20000014                uwTickPrio
 .data.uwTickFreq
                0x20000018        0x1 ./Drivers/STM32F4xx_HAL_Driver/Src/stm32f4xx_hal.o
                0x20000018                uwTickFreq
 *fill*         0x20000019        0x3 
 .data.__sglue  0x2000001c        0xc C:/ST/STM32CubeIDE_1.16.1/STM32CubeIDE/plugins/com.st.stm32cube.ide.mcu.externaltools.gnu-tools-for-stm32.12.3.rel1.win32_1.0.200.202406191623/tools/bin/../lib/gcc/arm-none-eabi/12.3.1/../../../../arm-none-eabi/lib/thumb/v7e-m+fp/hard\libc_nano.a(libc_a-findfp.o)
                0x2000001c                __sglue
 .data._impure_ptr
                0x20000028        0x4 C:/ST/STM32CubeIDE_1.16.1/STM32CubeIDE/plugins/com.st.stm32cube.ide.mcu.externaltools.gnu-tools-for-stm32.12.3.rel1.win32_1.0.200.202406191623/tools/bin/../lib/gcc/arm-none-eabi/12.3.1/../../../../arm-none-eabi/lib/thumb/v7e-m+fp/hard\libc_nano.a(libc_a-impure.o)
                0x20000028                _impure_ptr
 .data._impure_data
                0x2000002c       0x4c C:/ST/STM32CubeIDE_1.16.1/STM32CubeIDE/plugins/com.st.stm32cube.ide.mcu.externaltools.gnu-tools-for-stm32.12.3.rel1.win32_1.0.200.202406191623/tools/bin/../lib/gcc/arm-none-eabi/12.3.1/../../../../arm-none-eabi/lib/thumb/v7e-m+fp/hard\libc_nano.a(libc_a-impure.o)
                0x2000002c                _impure_data
 *(.RamFunc)
 *(.RamFunc*)
                0x20000078                        . = ALIGN (0x4)
                0x20000078                        _edata = .
                0x08008724                        _siccmram = LOADADDR (.ccmram)

.igot.plt       0x20000078        0x0 load address 0x08008724
 .igot.plt      0x20000078        0x0 C:/ST/STM32CubeIDE_1.16.1/STM32CubeIDE/plugins/com.st.stm32cube.ide.mcu.externaltools.gnu-tools-for-stm32.12.3.rel1.win32_1.0.200.202406191623/tools/bin/../lib/gcc/arm-none-eabi/12.3.1/thumb/v7e-m+fp/hard/crtbegin.o

.ccmram         0x10000000        0x0 load address 0x08008724
                0x10000000                        . = ALIGN (0x4)
                0x10000000                        _sccmram = .
 *(.ccmram)
 *(.ccmram*)
                0x10000000                        . = ALIGN (0x4)
                0x10000000                        _eccmram = .
                0x10000000                        . = ALIGN (0x4)

.bss            0x20000078    0x25e78
                0x20000078                        _sbss = .
                0x20000078                        __bss_start__ = _sbss
 *(.bss)
 .bss           0x20000078       0x1c C:/ST/STM32CubeIDE_1.16.1/STM32CubeIDE/plugins/com.st.stm32cube.ide.mcu.externaltools.gnu-tools-for-stm32.12.3.rel1.win32_1.0.200.202406191623/tools/bin/../lib/gcc/arm-none-eabi/12.3.1/thumb/v7e-m+fp/hard/crtbegin.o
 *(.bss*)
 .bss.hltdc     0x20000094       0xa8 ./Core/Src/LCD_Driver.o
 .bss.PeriphClkInitStruct
                0x2000013c       0x30 ./Core/Src/LCD_Driver.o
 .bss.LCD_Currentfonts
                0x2000016c        0x4 ./Core/Src/LCD_Driver.o
 .bss.frameBuffer
                0x20000170    0x25800 ./Core/Src/LCD_Driver.o
                0x20000170                frameBuffer
 .bss.scheduledEvents
                0x20025970        0x4 ./Core/Src/Scheduler.o
 .bss.gameState
                0x20025974        0x2 ./Core/Src/Tetris.o
 *fill*         0x20025976        0x2 
 .bss.fallingBlockMatrix
                0x20025978       0xee ./Core/Src/Tetris.o
 *fill*         0x20025a66        0x2 
 .bss.currentFallingBlockMatrix
                0x20025a68       0xee ./Core/Src/Tetris.o
 *fill*         0x20025b56        0x2 
 .bss.futureFallingBlockMatrix
                0x20025b58       0xee ./Core/Src/Tetris.o
 *fill*         0x20025c46        0x2 
 .bss.restingBlockMatrix
                0x20025c48       0xee ./Core/Src/Tetris.o
 .bss.fallingBlockX
                0x20025d36        0x2 ./Core/Src/Tetris.o
 .bss.fallingBlockY
                0x20025d38        0x2 ./Core/Src/Tetris.o
 .bss.isBlockFalling
                0x20025d3a        0x1 ./Core/Src/Tetris.o
 .bss.incomingBlockRotation
                0x20025d3b        0x1 ./Core/Src/Tetris.o
 .bss.timerRolloverCount
                0x20025d3c        0x2 ./Core/Src/Tetris.o
 *fill*         0x20025d3e        0x2 
 .bss.SpiHandle
                0x20025d40       0x58 ./Core/Src/ili9341.o
 .bss.Is_LCD_IO_Initialized
                0x20025d98        0x1 ./Core/Src/ili9341.o
 *fill*         0x20025d99        0x3 
 .bss.__sbrk_heap_end
                0x20025d9c        0x4 ./Core/Src/sysmem.o
 .bss.uwTick    0x20025da0        0x4 ./Drivers/STM32F4xx_HAL_Driver/Src/stm32f4xx_hal.o
                0x20025da0                uwTick
 .bss.__sf      0x20025da4      0x138 C:/ST/STM32CubeIDE_1.16.1/STM32CubeIDE/plugins/com.st.stm32cube.ide.mcu.externaltools.gnu-tools-for-stm32.12.3.rel1.win32_1.0.200.202406191623/tools/bin/../lib/gcc/arm-none-eabi/12.3.1/../../../../arm-none-eabi/lib/thumb/v7e-m+fp/hard\libc_nano.a(libc_a-findfp.o)
                0x20025da4                __sf
 .bss.__stdio_exit_handler
                0x20025edc        0x4 C:/ST/STM32CubeIDE_1.16.1/STM32CubeIDE/plugins/com.st.stm32cube.ide.mcu.externaltools.gnu-tools-for-stm32.12.3.rel1.win32_1.0.200.202406191623/tools/bin/../lib/gcc/arm-none-eabi/12.3.1/../../../../arm-none-eabi/lib/thumb/v7e-m+fp/hard\libc_nano.a(libc_a-findfp.o)
                0x20025edc                __stdio_exit_handler
 .bss.errno     0x20025ee0        0x4 C:/ST/STM32CubeIDE_1.16.1/STM32CubeIDE/plugins/com.st.stm32cube.ide.mcu.externaltools.gnu-tools-for-stm32.12.3.rel1.win32_1.0.200.202406191623/tools/bin/../lib/gcc/arm-none-eabi/12.3.1/../../../../arm-none-eabi/lib/thumb/v7e-m+fp/hard\libc_nano.a(libc_a-reent.o)
                0x20025ee0                errno
 .bss.__lock___malloc_recursive_mutex
                0x20025ee4        0x1 C:/ST/STM32CubeIDE_1.16.1/STM32CubeIDE/plugins/com.st.stm32cube.ide.mcu.externaltools.gnu-tools-for-stm32.12.3.rel1.win32_1.0.200.202406191623/tools/bin/../lib/gcc/arm-none-eabi/12.3.1/../../../../arm-none-eabi/lib/thumb/v7e-m+fp/hard\libc_nano.a(libc_a-lock.o)
                0x20025ee4                __lock___malloc_recursive_mutex
 .bss.__lock___sfp_recursive_mutex
                0x20025ee5        0x1 C:/ST/STM32CubeIDE_1.16.1/STM32CubeIDE/plugins/com.st.stm32cube.ide.mcu.externaltools.gnu-tools-for-stm32.12.3.rel1.win32_1.0.200.202406191623/tools/bin/../lib/gcc/arm-none-eabi/12.3.1/../../../../arm-none-eabi/lib/thumb/v7e-m+fp/hard\libc_nano.a(libc_a-lock.o)
                0x20025ee5                __lock___sfp_recursive_mutex
 *fill*         0x20025ee6        0x2 
 .bss.__malloc_sbrk_start
                0x20025ee8        0x4 C:/ST/STM32CubeIDE_1.16.1/STM32CubeIDE/plugins/com.st.stm32cube.ide.mcu.externaltools.gnu-tools-for-stm32.12.3.rel1.win32_1.0.200.202406191623/tools/bin/../lib/gcc/arm-none-eabi/12.3.1/../../../../arm-none-eabi/lib/thumb/v7e-m+fp/hard\libc_nano.a(libc_a-mallocr.o)
                0x20025ee8                __malloc_sbrk_start
 .bss.__malloc_free_list
                0x20025eec        0x4 C:/ST/STM32CubeIDE_1.16.1/STM32CubeIDE/plugins/com.st.stm32cube.ide.mcu.externaltools.gnu-tools-for-stm32.12.3.rel1.win32_1.0.200.202406191623/tools/bin/../lib/gcc/arm-none-eabi/12.3.1/../../../../arm-none-eabi/lib/thumb/v7e-m+fp/hard\libc_nano.a(libc_a-mallocr.o)
                0x20025eec                __malloc_free_list
 *(COMMON)
                0x20025ef0                        . = ALIGN (0x4)
                0x20025ef0                        _ebss = .
                0x20025ef0                        __bss_end__ = _ebss

._user_heap_stack
                0x20025ef0      0x600
                0x20025ef0                        . = ALIGN (0x8)
                [!provide]                        PROVIDE (end = .)
                0x20025ef0                        PROVIDE (_end = .)
                0x200260f0                        . = (. + _Min_Heap_Size)
 *fill*         0x20025ef0      0x200 
                0x200264f0                        . = (. + _Min_Stack_Size)
 *fill*         0x200260f0      0x400 
                0x200264f0                        . = ALIGN (0x8)

/DISCARD/
 libc.a(*)
 libm.a(*)
 libgcc.a(*)

.ARM.attributes
                0x00000000       0x30
 *(.ARM.attributes)
 .ARM.attributes
                0x00000000       0x22 C:/ST/STM32CubeIDE_1.16.1/STM32CubeIDE/plugins/com.st.stm32cube.ide.mcu.externaltools.gnu-tools-for-stm32.12.3.rel1.win32_1.0.200.202406191623/tools/bin/../lib/gcc/arm-none-eabi/12.3.1/thumb/v7e-m+fp/hard/crti.o
 .ARM.attributes
                0x00000022       0x34 C:/ST/STM32CubeIDE_1.16.1/STM32CubeIDE/plugins/com.st.stm32cube.ide.mcu.externaltools.gnu-tools-for-stm32.12.3.rel1.win32_1.0.200.202406191623/tools/bin/../lib/gcc/arm-none-eabi/12.3.1/thumb/v7e-m+fp/hard/crtbegin.o
 .ARM.attributes
                0x00000056       0x34 ./Core/Src/ApplicationCode.o
 .ARM.attributes
                0x0000008a       0x34 ./Core/Src/Button_Driver.o
 .ARM.attributes
                0x000000be       0x34 ./Core/Src/InterruptControl.o
 .ARM.attributes
                0x000000f2       0x34 ./Core/Src/LCD_Driver.o
 .ARM.attributes
                0x00000126       0x34 ./Core/Src/Scheduler.o
 .ARM.attributes
                0x0000015a       0x34 ./Core/Src/Tetris.o
 .ARM.attributes
                0x0000018e       0x34 ./Core/Src/Timer_Driver.o
 .ARM.attributes
                0x000001c2       0x34 ./Core/Src/fonts.o
 .ARM.attributes
                0x000001f6       0x34 ./Core/Src/ili9341.o
 .ARM.attributes
                0x0000022a       0x34 ./Core/Src/main.o
 .ARM.attributes
                0x0000025e       0x34 ./Core/Src/stm32f4xx_hal_msp.o
 .ARM.attributes
                0x00000292       0x34 ./Core/Src/stm32f4xx_it.o
 .ARM.attributes
                0x000002c6       0x34 ./Core/Src/syscalls.o
 .ARM.attributes
                0x000002fa       0x34 ./Core/Src/sysmem.o
 .ARM.attributes
                0x0000032e       0x34 ./Core/Src/system_stm32f4xx.o
 .ARM.attributes
                0x00000362       0x21 ./Core/Startup/startup_stm32f429zitx.o
 .ARM.attributes
                0x00000383       0x34 ./Drivers/STM32F4xx_HAL_Driver/Src/stm32f4xx_hal.o
 .ARM.attributes
                0x000003b7       0x34 ./Drivers/STM32F4xx_HAL_Driver/Src/stm32f4xx_hal_cortex.o
 .ARM.attributes
                0x000003eb       0x34 ./Drivers/STM32F4xx_HAL_Driver/Src/stm32f4xx_hal_exti.o
 .ARM.attributes
                0x0000041f       0x34 ./Drivers/STM32F4xx_HAL_Driver/Src/stm32f4xx_hal_gpio.o
 .ARM.attributes
                0x00000453       0x34 ./Drivers/STM32F4xx_HAL_Driver/Src/stm32f4xx_hal_ltdc.o
 .ARM.attributes
                0x00000487       0x34 ./Drivers/STM32F4xx_HAL_Driver/Src/stm32f4xx_hal_rcc.o
 .ARM.attributes
                0x000004bb       0x34 ./Drivers/STM32F4xx_HAL_Driver/Src/stm32f4xx_hal_rcc_ex.o
 .ARM.attributes
                0x000004ef       0x34 ./Drivers/STM32F4xx_HAL_Driver/Src/stm32f4xx_hal_rng.o
 .ARM.attributes
                0x00000523       0x34 ./Drivers/STM32F4xx_HAL_Driver/Src/stm32f4xx_hal_spi.o
 .ARM.attributes
                0x00000557       0x34 C:/ST/STM32CubeIDE_1.16.1/STM32CubeIDE/plugins/com.st.stm32cube.ide.mcu.externaltools.gnu-tools-for-stm32.12.3.rel1.win32_1.0.200.202406191623/tools/bin/../lib/gcc/arm-none-eabi/12.3.1/../../../../arm-none-eabi/lib/thumb/v7e-m+fp/hard\libc_nano.a(libc_a-findfp.o)
 .ARM.attributes
                0x0000058b       0x34 C:/ST/STM32CubeIDE_1.16.1/STM32CubeIDE/plugins/com.st.stm32cube.ide.mcu.externaltools.gnu-tools-for-stm32.12.3.rel1.win32_1.0.200.202406191623/tools/bin/../lib/gcc/arm-none-eabi/12.3.1/../../../../arm-none-eabi/lib/thumb/v7e-m+fp/hard\libc_nano.a(libc_a-fwalk.o)
 .ARM.attributes
                0x000005bf       0x34 C:/ST/STM32CubeIDE_1.16.1/STM32CubeIDE/plugins/com.st.stm32cube.ide.mcu.externaltools.gnu-tools-for-stm32.12.3.rel1.win32_1.0.200.202406191623/tools/bin/../lib/gcc/arm-none-eabi/12.3.1/../../../../arm-none-eabi/lib/thumb/v7e-m+fp/hard\libc_nano.a(libc_a-printf.o)
 .ARM.attributes
                0x000005f3       0x34 C:/ST/STM32CubeIDE_1.16.1/STM32CubeIDE/plugins/com.st.stm32cube.ide.mcu.externaltools.gnu-tools-for-stm32.12.3.rel1.win32_1.0.200.202406191623/tools/bin/../lib/gcc/arm-none-eabi/12.3.1/../../../../arm-none-eabi/lib/thumb/v7e-m+fp/hard\libc_nano.a(libc_a-stdio.o)
 .ARM.attributes
                0x00000627       0x34 C:/ST/STM32CubeIDE_1.16.1/STM32CubeIDE/plugins/com.st.stm32cube.ide.mcu.externaltools.gnu-tools-for-stm32.12.3.rel1.win32_1.0.200.202406191623/tools/bin/../lib/gcc/arm-none-eabi/12.3.1/../../../../arm-none-eabi/lib/thumb/v7e-m+fp/hard\libc_nano.a(libc_a-memset.o)
 .ARM.attributes
                0x0000065b       0x34 C:/ST/STM32CubeIDE_1.16.1/STM32CubeIDE/plugins/com.st.stm32cube.ide.mcu.externaltools.gnu-tools-for-stm32.12.3.rel1.win32_1.0.200.202406191623/tools/bin/../lib/gcc/arm-none-eabi/12.3.1/../../../../arm-none-eabi/lib/thumb/v7e-m+fp/hard\libc_nano.a(libc_a-closer.o)
 .ARM.attributes
                0x0000068f       0x34 C:/ST/STM32CubeIDE_1.16.1/STM32CubeIDE/plugins/com.st.stm32cube.ide.mcu.externaltools.gnu-tools-for-stm32.12.3.rel1.win32_1.0.200.202406191623/tools/bin/../lib/gcc/arm-none-eabi/12.3.1/../../../../arm-none-eabi/lib/thumb/v7e-m+fp/hard\libc_nano.a(libc_a-reent.o)
 .ARM.attributes
                0x000006c3       0x34 C:/ST/STM32CubeIDE_1.16.1/STM32CubeIDE/plugins/com.st.stm32cube.ide.mcu.externaltools.gnu-tools-for-stm32.12.3.rel1.win32_1.0.200.202406191623/tools/bin/../lib/gcc/arm-none-eabi/12.3.1/../../../../arm-none-eabi/lib/thumb/v7e-m+fp/hard\libc_nano.a(libc_a-impure.o)
 .ARM.attributes
                0x000006f7       0x34 C:/ST/STM32CubeIDE_1.16.1/STM32CubeIDE/plugins/com.st.stm32cube.ide.mcu.externaltools.gnu-tools-for-stm32.12.3.rel1.win32_1.0.200.202406191623/tools/bin/../lib/gcc/arm-none-eabi/12.3.1/../../../../arm-none-eabi/lib/thumb/v7e-m+fp/hard\libc_nano.a(libc_a-lseekr.o)
 .ARM.attributes
                0x0000072b       0x34 C:/ST/STM32CubeIDE_1.16.1/STM32CubeIDE/plugins/com.st.stm32cube.ide.mcu.externaltools.gnu-tools-for-stm32.12.3.rel1.win32_1.0.200.202406191623/tools/bin/../lib/gcc/arm-none-eabi/12.3.1/../../../../arm-none-eabi/lib/thumb/v7e-m+fp/hard\libc_nano.a(libc_a-readr.o)
 .ARM.attributes
                0x0000075f       0x34 C:/ST/STM32CubeIDE_1.16.1/STM32CubeIDE/plugins/com.st.stm32cube.ide.mcu.externaltools.gnu-tools-for-stm32.12.3.rel1.win32_1.0.200.202406191623/tools/bin/../lib/gcc/arm-none-eabi/12.3.1/../../../../arm-none-eabi/lib/thumb/v7e-m+fp/hard\libc_nano.a(libc_a-writer.o)
 .ARM.attributes
                0x00000793       0x34 C:/ST/STM32CubeIDE_1.16.1/STM32CubeIDE/plugins/com.st.stm32cube.ide.mcu.externaltools.gnu-tools-for-stm32.12.3.rel1.win32_1.0.200.202406191623/tools/bin/../lib/gcc/arm-none-eabi/12.3.1/../../../../arm-none-eabi/lib/thumb/v7e-m+fp/hard\libc_nano.a(libc_a-errno.o)
 .ARM.attributes
                0x000007c7       0x34 C:/ST/STM32CubeIDE_1.16.1/STM32CubeIDE/plugins/com.st.stm32cube.ide.mcu.externaltools.gnu-tools-for-stm32.12.3.rel1.win32_1.0.200.202406191623/tools/bin/../lib/gcc/arm-none-eabi/12.3.1/../../../../arm-none-eabi/lib/thumb/v7e-m+fp/hard\libc_nano.a(libc_a-init.o)
 .ARM.attributes
                0x000007fb       0x34 C:/ST/STM32CubeIDE_1.16.1/STM32CubeIDE/plugins/com.st.stm32cube.ide.mcu.externaltools.gnu-tools-for-stm32.12.3.rel1.win32_1.0.200.202406191623/tools/bin/../lib/gcc/arm-none-eabi/12.3.1/../../../../arm-none-eabi/lib/thumb/v7e-m+fp/hard\libc_nano.a(libc_a-lock.o)
 .ARM.attributes
                0x0000082f       0x34 C:/ST/STM32CubeIDE_1.16.1/STM32CubeIDE/plugins/com.st.stm32cube.ide.mcu.externaltools.gnu-tools-for-stm32.12.3.rel1.win32_1.0.200.202406191623/tools/bin/../lib/gcc/arm-none-eabi/12.3.1/../../../../arm-none-eabi/lib/thumb/v7e-m+fp/hard\libc_nano.a(libc_a-freer.o)
 .ARM.attributes
                0x00000863       0x34 C:/ST/STM32CubeIDE_1.16.1/STM32CubeIDE/plugins/com.st.stm32cube.ide.mcu.externaltools.gnu-tools-for-stm32.12.3.rel1.win32_1.0.200.202406191623/tools/bin/../lib/gcc/arm-none-eabi/12.3.1/../../../../arm-none-eabi/lib/thumb/v7e-m+fp/hard\libc_nano.a(libc_a-mallocr.o)
 .ARM.attributes
                0x00000897       0x34 C:/ST/STM32CubeIDE_1.16.1/STM32CubeIDE/plugins/com.st.stm32cube.ide.mcu.externaltools.gnu-tools-for-stm32.12.3.rel1.win32_1.0.200.202406191623/tools/bin/../lib/gcc/arm-none-eabi/12.3.1/../../../../arm-none-eabi/lib/thumb/v7e-m+fp/hard\libc_nano.a(libc_a-mlock.o)
 .ARM.attributes
                0x000008cb       0x34 C:/ST/STM32CubeIDE_1.16.1/STM32CubeIDE/plugins/com.st.stm32cube.ide.mcu.externaltools.gnu-tools-for-stm32.12.3.rel1.win32_1.0.200.202406191623/tools/bin/../lib/gcc/arm-none-eabi/12.3.1/../../../../arm-none-eabi/lib/thumb/v7e-m+fp/hard\libc_nano.a(libc_a-nano-vfprintf.o)
 .ARM.attributes
                0x000008ff       0x34 C:/ST/STM32CubeIDE_1.16.1/STM32CubeIDE/plugins/com.st.stm32cube.ide.mcu.externaltools.gnu-tools-for-stm32.12.3.rel1.win32_1.0.200.202406191623/tools/bin/../lib/gcc/arm-none-eabi/12.3.1/../../../../arm-none-eabi/lib/thumb/v7e-m+fp/hard\libc_nano.a(libc_a-nano-vfprintf_i.o)
 .ARM.attributes
                0x00000933       0x34 C:/ST/STM32CubeIDE_1.16.1/STM32CubeIDE/plugins/com.st.stm32cube.ide.mcu.externaltools.gnu-tools-for-stm32.12.3.rel1.win32_1.0.200.202406191623/tools/bin/../lib/gcc/arm-none-eabi/12.3.1/../../../../arm-none-eabi/lib/thumb/v7e-m+fp/hard\libc_nano.a(libc_a-fflush.o)
 .ARM.attributes
                0x00000967       0x34 C:/ST/STM32CubeIDE_1.16.1/STM32CubeIDE/plugins/com.st.stm32cube.ide.mcu.externaltools.gnu-tools-for-stm32.12.3.rel1.win32_1.0.200.202406191623/tools/bin/../lib/gcc/arm-none-eabi/12.3.1/../../../../arm-none-eabi/lib/thumb/v7e-m+fp/hard\libc_nano.a(libc_a-wbuf.o)
 .ARM.attributes
                0x0000099b       0x34 C:/ST/STM32CubeIDE_1.16.1/STM32CubeIDE/plugins/com.st.stm32cube.ide.mcu.externaltools.gnu-tools-for-stm32.12.3.rel1.win32_1.0.200.202406191623/tools/bin/../lib/gcc/arm-none-eabi/12.3.1/../../../../arm-none-eabi/lib/thumb/v7e-m+fp/hard\libc_nano.a(libc_a-wsetup.o)
 .ARM.attributes
                0x000009cf       0x34 C:/ST/STM32CubeIDE_1.16.1/STM32CubeIDE/plugins/com.st.stm32cube.ide.mcu.externaltools.gnu-tools-for-stm32.12.3.rel1.win32_1.0.200.202406191623/tools/bin/../lib/gcc/arm-none-eabi/12.3.1/../../../../arm-none-eabi/lib/thumb/v7e-m+fp/hard\libc_nano.a(libc_a-sbrkr.o)
 .ARM.attributes
                0x00000a03       0x1c C:/ST/STM32CubeIDE_1.16.1/STM32CubeIDE/plugins/com.st.stm32cube.ide.mcu.externaltools.gnu-tools-for-stm32.12.3.rel1.win32_1.0.200.202406191623/tools/bin/../lib/gcc/arm-none-eabi/12.3.1/../../../../arm-none-eabi/lib/thumb/v7e-m+fp/hard\libc_nano.a(libc_a-memchr.o)
 .ARM.attributes
                0x00000a1f       0x34 C:/ST/STM32CubeIDE_1.16.1/STM32CubeIDE/plugins/com.st.stm32cube.ide.mcu.externaltools.gnu-tools-for-stm32.12.3.rel1.win32_1.0.200.202406191623/tools/bin/../lib/gcc/arm-none-eabi/12.3.1/../../../../arm-none-eabi/lib/thumb/v7e-m+fp/hard\libc_nano.a(libc_a-makebuf.o)
 .ARM.attributes
                0x00000a53       0x34 C:/ST/STM32CubeIDE_1.16.1/STM32CubeIDE/plugins/com.st.stm32cube.ide.mcu.externaltools.gnu-tools-for-stm32.12.3.rel1.win32_1.0.200.202406191623/tools/bin/../lib/gcc/arm-none-eabi/12.3.1/../../../../arm-none-eabi/lib/thumb/v7e-m+fp/hard\libc_nano.a(libc_a-fstatr.o)
 .ARM.attributes
                0x00000a87       0x34 C:/ST/STM32CubeIDE_1.16.1/STM32CubeIDE/plugins/com.st.stm32cube.ide.mcu.externaltools.gnu-tools-for-stm32.12.3.rel1.win32_1.0.200.202406191623/tools/bin/../lib/gcc/arm-none-eabi/12.3.1/../../../../arm-none-eabi/lib/thumb/v7e-m+fp/hard\libc_nano.a(libc_a-isattyr.o)
 .ARM.attributes
                0x00000abb       0x22 C:/ST/STM32CubeIDE_1.16.1/STM32CubeIDE/plugins/com.st.stm32cube.ide.mcu.externaltools.gnu-tools-for-stm32.12.3.rel1.win32_1.0.200.202406191623/tools/bin/../lib/gcc/arm-none-eabi/12.3.1/thumb/v7e-m+fp/hard\libgcc.a(_aeabi_uldivmod.o)
 .ARM.attributes
                0x00000add       0x34 C:/ST/STM32CubeIDE_1.16.1/STM32CubeIDE/plugins/com.st.stm32cube.ide.mcu.externaltools.gnu-tools-for-stm32.12.3.rel1.win32_1.0.200.202406191623/tools/bin/../lib/gcc/arm-none-eabi/12.3.1/thumb/v7e-m+fp/hard\libgcc.a(_udivmoddi4.o)
 .ARM.attributes
                0x00000b11       0x22 C:/ST/STM32CubeIDE_1.16.1/STM32CubeIDE/plugins/com.st.stm32cube.ide.mcu.externaltools.gnu-tools-for-stm32.12.3.rel1.win32_1.0.200.202406191623/tools/bin/../lib/gcc/arm-none-eabi/12.3.1/thumb/v7e-m+fp/hard\libgcc.a(_dvmd_tls.o)
 .ARM.attributes
                0x00000b33       0x22 C:/ST/STM32CubeIDE_1.16.1/STM32CubeIDE/plugins/com.st.stm32cube.ide.mcu.externaltools.gnu-tools-for-stm32.12.3.rel1.win32_1.0.200.202406191623/tools/bin/../lib/gcc/arm-none-eabi/12.3.1/thumb/v7e-m+fp/hard/crtn.o
OUTPUT(DBauerLab6.elf elf32-littlearm)
LOAD linker stubs
LOAD C:/ST/STM32CubeIDE_1.16.1/STM32CubeIDE/plugins/com.st.stm32cube.ide.mcu.externaltools.gnu-tools-for-stm32.12.3.rel1.win32_1.0.200.202406191623/tools/bin/../lib/gcc/arm-none-eabi/12.3.1/../../../../arm-none-eabi/lib/thumb/v7e-m+fp/hard\libc.a
LOAD C:/ST/STM32CubeIDE_1.16.1/STM32CubeIDE/plugins/com.st.stm32cube.ide.mcu.externaltools.gnu-tools-for-stm32.12.3.rel1.win32_1.0.200.202406191623/tools/bin/../lib/gcc/arm-none-eabi/12.3.1/../../../../arm-none-eabi/lib/thumb/v7e-m+fp/hard\libm.a
LOAD C:/ST/STM32CubeIDE_1.16.1/STM32CubeIDE/plugins/com.st.stm32cube.ide.mcu.externaltools.gnu-tools-for-stm32.12.3.rel1.win32_1.0.200.202406191623/tools/bin/../lib/gcc/arm-none-eabi/12.3.1/thumb/v7e-m+fp/hard\libgcc.a

.debug_info     0x00000000     0xd249
 .debug_info    0x00000000      0x5e2 ./Core/Src/ApplicationCode.o
 .debug_info    0x000005e2      0x699 ./Core/Src/Button_Driver.o
 .debug_info    0x00000c7b      0x220 ./Core/Src/InterruptControl.o
 .debug_info    0x00000e9b      0xdd6 ./Core/Src/LCD_Driver.o
 .debug_info    0x00001c71       0xf7 ./Core/Src/Scheduler.o
 .debug_info    0x00001d68     0x1960 ./Core/Src/Tetris.o
 .debug_info    0x000036c8      0x5a1 ./Core/Src/Timer_Driver.o
 .debug_info    0x00003c69      0x145 ./Core/Src/fonts.o
 .debug_info    0x00003dae      0xc85 ./Core/Src/ili9341.o
 .debug_info    0x00004a33      0x590 ./Core/Src/main.o
 .debug_info    0x00004fc3     0x17d3 ./Core/Src/stm32f4xx_hal_msp.o
 .debug_info    0x00006796      0x112 ./Core/Src/stm32f4xx_it.o
 .debug_info    0x000068a8      0x6a3 ./Core/Src/syscalls.o
 .debug_info    0x00006f4b      0x168 ./Core/Src/sysmem.o
 .debug_info    0x000070b3      0x52e ./Core/Src/system_stm32f4xx.o
 .debug_info    0x000075e1       0x30 ./Core/Startup/startup_stm32f429zitx.o
 .debug_info    0x00007611      0x9ba ./Drivers/STM32F4xx_HAL_Driver/Src/stm32f4xx_hal.o
 .debug_info    0x00007fcb      0xdc2 ./Drivers/STM32F4xx_HAL_Driver/Src/stm32f4xx_hal_cortex.o
 .debug_info    0x00008d8d      0x4f4 ./Drivers/STM32F4xx_HAL_Driver/Src/stm32f4xx_hal_exti.o
 .debug_info    0x00009281      0x6db ./Drivers/STM32F4xx_HAL_Driver/Src/stm32f4xx_hal_gpio.o
 .debug_info    0x0000995c     0x1022 ./Drivers/STM32F4xx_HAL_Driver/Src/stm32f4xx_hal_ltdc.o
 .debug_info    0x0000a97e      0x8c7 ./Drivers/STM32F4xx_HAL_Driver/Src/stm32f4xx_hal_rcc.o
 .debug_info    0x0000b245      0x64c ./Drivers/STM32F4xx_HAL_Driver/Src/stm32f4xx_hal_rcc_ex.o
 .debug_info    0x0000b891      0x493 ./Drivers/STM32F4xx_HAL_Driver/Src/stm32f4xx_hal_rng.o
 .debug_info    0x0000bd24     0x1525 ./Drivers/STM32F4xx_HAL_Driver/Src/stm32f4xx_hal_spi.o

.debug_abbrev   0x00000000     0x2bc1
 .debug_abbrev  0x00000000      0x152 ./Core/Src/ApplicationCode.o
 .debug_abbrev  0x00000152      0x1af ./Core/Src/Button_Driver.o
 .debug_abbrev  0x00000301       0xe9 ./Core/Src/InterruptControl.o
 .debug_abbrev  0x000003ea      0x2c7 ./Core/Src/LCD_Driver.o
 .debug_abbrev  0x000006b1       0x94 ./Core/Src/Scheduler.o
 .debug_abbrev  0x00000745      0x323 ./Core/Src/Tetris.o
 .debug_abbrev  0x00000a68      0x19f ./Core/Src/Timer_Driver.o
 .debug_abbrev  0x00000c07       0xc6 ./Core/Src/fonts.o
 .debug_abbrev  0x00000ccd      0x2c9 ./Core/Src/ili9341.o
 .debug_abbrev  0x00000f96      0x209 ./Core/Src/main.o
 .debug_abbrev  0x0000119f      0x25c ./Core/Src/stm32f4xx_hal_msp.o
 .debug_abbrev  0x000013fb       0x73 ./Core/Src/stm32f4xx_it.o
 .debug_abbrev  0x0000146e      0x1b6 ./Core/Src/syscalls.o
 .debug_abbrev  0x00001624       0xbc ./Core/Src/sysmem.o
 .debug_abbrev  0x000016e0      0x11a ./Core/Src/system_stm32f4xx.o
 .debug_abbrev  0x000017fa       0x24 ./Core/Startup/startup_stm32f429zitx.o
 .debug_abbrev  0x0000181e      0x214 ./Drivers/STM32F4xx_HAL_Driver/Src/stm32f4xx_hal.o
 .debug_abbrev  0x00001a32      0x31d ./Drivers/STM32F4xx_HAL_Driver/Src/stm32f4xx_hal_cortex.o
 .debug_abbrev  0x00001d4f      0x1c6 ./Drivers/STM32F4xx_HAL_Driver/Src/stm32f4xx_hal_exti.o
 .debug_abbrev  0x00001f15      0x1d4 ./Drivers/STM32F4xx_HAL_Driver/Src/stm32f4xx_hal_gpio.o
 .debug_abbrev  0x000020e9      0x233 ./Drivers/STM32F4xx_HAL_Driver/Src/stm32f4xx_hal_ltdc.o
 .debug_abbrev  0x0000231c      0x2b7 ./Drivers/STM32F4xx_HAL_Driver/Src/stm32f4xx_hal_rcc.o
 .debug_abbrev  0x000025d3      0x1b0 ./Drivers/STM32F4xx_HAL_Driver/Src/stm32f4xx_hal_rcc_ex.o
 .debug_abbrev  0x00002783      0x1c4 ./Drivers/STM32F4xx_HAL_Driver/Src/stm32f4xx_hal_rng.o
 .debug_abbrev  0x00002947      0x27a ./Drivers/STM32F4xx_HAL_Driver/Src/stm32f4xx_hal_spi.o

.debug_aranges  0x00000000      0xe00
 .debug_aranges
                0x00000000       0x40 ./Core/Src/ApplicationCode.o
 .debug_aranges
                0x00000040       0x38 ./Core/Src/Button_Driver.o
 .debug_aranges
                0x00000078       0x40 ./Core/Src/InterruptControl.o
 .debug_aranges
                0x000000b8       0x88 ./Core/Src/LCD_Driver.o
 .debug_aranges
                0x00000140       0x30 ./Core/Src/Scheduler.o
 .debug_aranges
                0x00000170      0x1e8 ./Core/Src/Tetris.o
 .debug_aranges
                0x00000358       0x60 ./Core/Src/Timer_Driver.o
 .debug_aranges
                0x000003b8       0x18 ./Core/Src/fonts.o
 .debug_aranges
                0x000003d0       0x98 ./Core/Src/ili9341.o
 .debug_aranges
                0x00000468       0x38 ./Core/Src/main.o
 .debug_aranges
                0x000004a0       0x70 ./Core/Src/stm32f4xx_hal_msp.o
 .debug_aranges
                0x00000510       0x60 ./Core/Src/stm32f4xx_it.o
 .debug_aranges
                0x00000570       0xa8 ./Core/Src/syscalls.o
 .debug_aranges
                0x00000618       0x20 ./Core/Src/sysmem.o
 .debug_aranges
                0x00000638       0x28 ./Core/Src/system_stm32f4xx.o
 .debug_aranges
                0x00000660       0x28 ./Core/Startup/startup_stm32f429zitx.o
 .debug_aranges
                0x00000688      0x100 ./Drivers/STM32F4xx_HAL_Driver/Src/stm32f4xx_hal.o
 .debug_aranges
                0x00000788      0x130 ./Drivers/STM32F4xx_HAL_Driver/Src/stm32f4xx_hal_cortex.o
 .debug_aranges
                0x000008b8       0x60 ./Drivers/STM32F4xx_HAL_Driver/Src/stm32f4xx_hal_exti.o
 .debug_aranges
                0x00000918       0x58 ./Drivers/STM32F4xx_HAL_Driver/Src/stm32f4xx_hal_gpio.o
 .debug_aranges
                0x00000970      0x158 ./Drivers/STM32F4xx_HAL_Driver/Src/stm32f4xx_hal_ltdc.o
 .debug_aranges
                0x00000ac8       0x88 ./Drivers/STM32F4xx_HAL_Driver/Src/stm32f4xx_hal_rcc.o
 .debug_aranges
                0x00000b50       0x58 ./Drivers/STM32F4xx_HAL_Driver/Src/stm32f4xx_hal_rcc_ex.o
 .debug_aranges
                0x00000ba8       0x88 ./Drivers/STM32F4xx_HAL_Driver/Src/stm32f4xx_hal_rng.o
 .debug_aranges
                0x00000c30      0x1d0 ./Drivers/STM32F4xx_HAL_Driver/Src/stm32f4xx_hal_spi.o

.debug_rnglists
                0x00000000      0xa4a
 .debug_rnglists
                0x00000000       0x2b ./Core/Src/ApplicationCode.o
 .debug_rnglists
                0x0000002b       0x25 ./Core/Src/Button_Driver.o
 .debug_rnglists
                0x00000050       0x2b ./Core/Src/InterruptControl.o
 .debug_rnglists
                0x0000007b       0x67 ./Core/Src/LCD_Driver.o
 .debug_rnglists
                0x000000e2       0x1f ./Core/Src/Scheduler.o
 .debug_rnglists
                0x00000101      0x175 ./Core/Src/Tetris.o
 .debug_rnglists
                0x00000276       0x44 ./Core/Src/Timer_Driver.o
 .debug_rnglists
                0x000002ba       0x6f ./Core/Src/ili9341.o
 .debug_rnglists
                0x00000329       0x27 ./Core/Src/main.o
 .debug_rnglists
                0x00000350       0x53 ./Core/Src/stm32f4xx_hal_msp.o
 .debug_rnglists
                0x000003a3       0x43 ./Core/Src/stm32f4xx_it.o
 .debug_rnglists
                0x000003e6       0x79 ./Core/Src/syscalls.o
 .debug_rnglists
                0x0000045f       0x13 ./Core/Src/sysmem.o
 .debug_rnglists
                0x00000472       0x1a ./Core/Src/system_stm32f4xx.o
 .debug_rnglists
                0x0000048c       0x19 ./Core/Startup/startup_stm32f429zitx.o
 .debug_rnglists
                0x000004a5       0xbb ./Drivers/STM32F4xx_HAL_Driver/Src/stm32f4xx_hal.o
 .debug_rnglists
                0x00000560       0xe0 ./Drivers/STM32F4xx_HAL_Driver/Src/stm32f4xx_hal_cortex.o
 .debug_rnglists
                0x00000640       0x46 ./Drivers/STM32F4xx_HAL_Driver/Src/stm32f4xx_hal_exti.o
 .debug_rnglists
                0x00000686       0x3f ./Drivers/STM32F4xx_HAL_Driver/Src/stm32f4xx_hal_gpio.o
 .debug_rnglists
                0x000006c5      0x10a ./Drivers/STM32F4xx_HAL_Driver/Src/stm32f4xx_hal_ltdc.o
 .debug_rnglists
                0x000007cf       0x66 ./Drivers/STM32F4xx_HAL_Driver/Src/stm32f4xx_hal_rcc.o
 .debug_rnglists
                0x00000835       0x43 ./Drivers/STM32F4xx_HAL_Driver/Src/stm32f4xx_hal_rcc_ex.o
 .debug_rnglists
                0x00000878       0x63 ./Drivers/STM32F4xx_HAL_Driver/Src/stm32f4xx_hal_rng.o
 .debug_rnglists
                0x000008db      0x16f ./Drivers/STM32F4xx_HAL_Driver/Src/stm32f4xx_hal_spi.o

.debug_macro    0x00000000    0x27669
 .debug_macro   0x00000000      0x36d ./Core/Src/ApplicationCode.o
 .debug_macro   0x0000036d      0xab4 ./Core/Src/ApplicationCode.o
 .debug_macro   0x00000e21      0x2ad ./Core/Src/ApplicationCode.o
 .debug_macro   0x000010ce       0x2e ./Core/Src/ApplicationCode.o
 .debug_macro   0x000010fc       0x28 ./Core/Src/ApplicationCode.o
 .debug_macro   0x00001124       0x22 ./Core/Src/ApplicationCode.o
 .debug_macro   0x00001146       0x8e ./Core/Src/ApplicationCode.o
 .debug_macro   0x000011d4       0x51 ./Core/Src/ApplicationCode.o
 .debug_macro   0x00001225      0x103 ./Core/Src/ApplicationCode.o
 .debug_macro   0x00001328       0x6a ./Core/Src/ApplicationCode.o
 .debug_macro   0x00001392      0x1df ./Core/Src/ApplicationCode.o
 .debug_macro   0x00001571       0x1c ./Core/Src/ApplicationCode.o
 .debug_macro   0x0000158d       0x22 ./Core/Src/ApplicationCode.o
 .debug_macro   0x000015af       0xfb ./Core/Src/ApplicationCode.o
 .debug_macro   0x000016aa     0x1011 ./Core/Src/ApplicationCode.o
 .debug_macro   0x000026bb      0x11f ./Core/Src/ApplicationCode.o
 .debug_macro   0x000027da    0x17fd8 ./Core/Src/ApplicationCode.o
 .debug_macro   0x0001a7b2       0x6d ./Core/Src/ApplicationCode.o
 .debug_macro   0x0001a81f     0x3711 ./Core/Src/ApplicationCode.o
 .debug_macro   0x0001df30      0x189 ./Core/Src/ApplicationCode.o
 .debug_macro   0x0001e0b9       0x5c ./Core/Src/ApplicationCode.o
 .debug_macro   0x0001e115      0xcba ./Core/Src/ApplicationCode.o
 .debug_macro   0x0001edcf      0x9e9 ./Core/Src/ApplicationCode.o
 .debug_macro   0x0001f7b8      0x115 ./Core/Src/ApplicationCode.o
 .debug_macro   0x0001f8cd      0x156 ./Core/Src/ApplicationCode.o
 .debug_macro   0x0001fa23       0xa5 ./Core/Src/ApplicationCode.o
 .debug_macro   0x0001fac8      0x182 ./Core/Src/ApplicationCode.o
 .debug_macro   0x0001fc4a      0x287 ./Core/Src/ApplicationCode.o
 .debug_macro   0x0001fed1       0x5f ./Core/Src/ApplicationCode.o
 .debug_macro   0x0001ff30      0x236 ./Core/Src/ApplicationCode.o
 .debug_macro   0x00020166      0x132 ./Core/Src/ApplicationCode.o
 .debug_macro   0x00020298      0x41d ./Core/Src/ApplicationCode.o
 .debug_macro   0x000206b5       0x2e ./Core/Src/ApplicationCode.o
 .debug_macro   0x000206e3      0x1b5 ./Core/Src/ApplicationCode.o
 .debug_macro   0x00020898       0x22 ./Core/Src/ApplicationCode.o
 .debug_macro   0x000208ba       0xd6 ./Core/Src/ApplicationCode.o
 .debug_macro   0x00020990      0x198 ./Core/Src/ApplicationCode.o
 .debug_macro   0x00020b28       0xd6 ./Core/Src/ApplicationCode.o
 .debug_macro   0x00020bfe      0x127 ./Core/Src/ApplicationCode.o
 .debug_macro   0x00020d25       0xe2 ./Core/Src/ApplicationCode.o
 .debug_macro   0x00020e07       0x89 ./Core/Src/ApplicationCode.o
 .debug_macro   0x00020e90       0xa4 ./Core/Src/ApplicationCode.o
 .debug_macro   0x00020f34      0x225 ./Core/Src/ApplicationCode.o
 .debug_macro   0x00021159      0x8ed ./Core/Src/ApplicationCode.o
 .debug_macro   0x00021a46       0x4d ./Core/Src/ApplicationCode.o
 .debug_macro   0x00021a93      0x134 ./Core/Src/ApplicationCode.o
 .debug_macro   0x00021bc7      0x332 ./Core/Src/ApplicationCode.o
 .debug_macro   0x00021ef9       0x22 ./Core/Src/ApplicationCode.o
 .debug_macro   0x00021f1b      0x179 ./Core/Src/ApplicationCode.o
 .debug_macro   0x00022094       0x8e ./Core/Src/ApplicationCode.o
 .debug_macro   0x00022122       0x61 ./Core/Src/ApplicationCode.o
 .debug_macro   0x00022183       0x2a ./Core/Src/ApplicationCode.o
 .debug_macro   0x000221ad       0x43 ./Core/Src/ApplicationCode.o
 .debug_macro   0x000221f0       0x34 ./Core/Src/ApplicationCode.o
 .debug_macro   0x00022224       0x16 ./Core/Src/ApplicationCode.o
 .debug_macro   0x0002223a       0x35 ./Core/Src/ApplicationCode.o
 .debug_macro   0x0002226f      0x369 ./Core/Src/ApplicationCode.o
 .debug_macro   0x000225d8       0x10 ./Core/Src/ApplicationCode.o
 .debug_macro   0x000225e8       0x16 ./Core/Src/ApplicationCode.o
 .debug_macro   0x000225fe       0x43 ./Core/Src/ApplicationCode.o
 .debug_macro   0x00022641       0x34 ./Core/Src/ApplicationCode.o
 .debug_macro   0x00022675       0x10 ./Core/Src/ApplicationCode.o
 .debug_macro   0x00022685       0x58 ./Core/Src/ApplicationCode.o
 .debug_macro   0x000226dd       0x8e ./Core/Src/ApplicationCode.o
 .debug_macro   0x0002276b       0x1c ./Core/Src/ApplicationCode.o
 .debug_macro   0x00022787      0x177 ./Core/Src/ApplicationCode.o
 .debug_macro   0x000228fe       0x16 ./Core/Src/ApplicationCode.o
 .debug_macro   0x00022914       0x16 ./Core/Src/ApplicationCode.o
 .debug_macro   0x0002292a      0x146 ./Core/Src/ApplicationCode.o
 .debug_macro   0x00022a70      0x1fb ./Core/Src/ApplicationCode.o
 .debug_macro   0x00022c6b       0x52 ./Core/Src/ApplicationCode.o
 .debug_macro   0x00022cbd       0x1c ./Core/Src/ApplicationCode.o
 .debug_macro   0x00022cd9       0xa0 ./Core/Src/ApplicationCode.o
 .debug_macro   0x00022d79       0x28 ./Core/Src/ApplicationCode.o
 .debug_macro   0x00022da1       0x8e ./Core/Src/ApplicationCode.o